already-tested GB combos: 1
remaining untested combos to try: 864
[1] GB_20260709_081212 f1_up=0.5384 | n=40 lr=0.15 depth=5 sub=0.5 | elapsed=267s
[2] GB_20260709_081640 f1_up=0.5464 | n=80 lr=0.05 depth=2 sub=0.7 | elapsed=597s
[3] GB_20260709_082210 f1_up=0.5192 | n=60 lr=0.3 depth=5 sub=0.9 | elapsed=1330s
[4] GB_20260709_083423 f1_up=0.5370 | n=40 lr=0.1 depth=5 sub=0.6 | elapsed=1669s
[5] GB_20260709_084001 f1_up=0.5451 | n=80 lr=0.05 depth=4 sub=0.8 | elapsed=2328s
[6] GB_20260709_085100 f1_up=0.5399 | n=40 lr=0.1 depth=5 sub=0.5 | elapsed=2592s
[7] GB_20260709_085524 f1_up=0.5378 | n=40 lr=0.2 depth=4 sub=0.9 | elapsed=2970s
[8] GB_20260709_090142 f1_up=0.5202 | n=150 lr=0.15 depth=5 sub=0.7 | elapsed=4281s
[9] GB_20260709_092333 f1_up=0.5345 | n=40 lr=0.25 depth=4 sub=0.5 | elapsed=4490s
[10] GB_20260709_092702 f1_up=0.5400 | n=150 lr=0.25 depth=2 sub=0.8 | elapsed=5100s
[11] GB_20260709_093713 f1_up=0.5453 | n=100 lr=0.15 depth=2 sub=0.8 | elapsed=5545s
[12] GB_20260709_094438 f1_up=0.5432 | n=40 lr=0.25 depth=3 sub=0.9 | elapsed=5829s
[13] GB_20260709_094921 f1_up=0.5436 | n=120 lr=0.2 depth=2 sub=0.9 | elapsed=6389s
[14] GB_20260709_095840 f1_up=0.5304 | n=80 lr=0.25 depth=4 sub=0.8 | elapsed=6907s
[15] GB_20260709_100719 f1_up=0.5450 | n=40 lr=0.25 depth=2 sub=0.7 | elapsed=7023s
[16] GB_20260709_100915 f1_up=0.5162 | n=100 lr=0.25 depth=5 sub=0.9 | elapsed=7969s
[stop] budget 7200s reached after 16 configs

DONE: 16 configs in 7969s
BEST(this run): f1_up=0.5464 run_id=GB_20260709_081640 params={'n_estimators': 80, 'learning_rate': 0.05, 'max_depth': 2, 'subsample': 0.7}
