2026-07-07T07:48:18 | START 3h Gradient Boosting search | pid=21100 | budget=10800s | dataset=4c2259e97b3f | train_rows=466973 | candidates=1467 | skipped_existing=45
2026-07-07T07:50:58 | BEST 1/1467 f1=0.544214 params={'n_estimators': 40, 'learning_rate': 0.2, 'max_depth': 3, 'subsample': 0.6}
2026-07-07T07:53:54 | BEST 2/1467 f1=0.544438 params={'n_estimators': 40, 'learning_rate': 0.2, 'max_depth': 3, 'subsample': 0.7}
2026-07-07T07:56:20 | BEST 3/1467 f1=0.545060 params={'n_estimators': 40, 'learning_rate': 0.2, 'max_depth': 3, 'subsample': 0.5}
2026-07-07T08:00:12 | BEST 4/1467 f1=0.545713 params={'n_estimators': 40, 'learning_rate': 0.2, 'max_depth': 3, 'subsample': 0.8}
2026-07-07T08:04:23 | OK 5/1467 f1=0.544942 params={'n_estimators': 40, 'learning_rate': 0.2, 'max_depth': 3, 'subsample': 0.9}
2026-07-07T08:08:55 | OK 6/1467 f1=0.545234 params={'n_estimators': 40, 'learning_rate': 0.2, 'max_depth': 3, 'subsample': 1.0}
2026-07-07T08:12:38 | OK 7/1467 f1=0.543378 params={'n_estimators': 40, 'learning_rate': 0.2, 'max_depth': 4, 'subsample': 0.6}
2026-07-07T08:16:46 | OK 8/1467 f1=0.543424 params={'n_estimators': 40, 'learning_rate': 0.2, 'max_depth': 4, 'subsample': 0.7}
2026-07-07T08:19:39 | OK 9/1467 f1=0.542980 params={'n_estimators': 40, 'learning_rate': 0.2, 'max_depth': 4, 'subsample': 0.5}
2026-07-07T08:23:53 | OK 10/1467 f1=0.544183 params={'n_estimators': 40, 'learning_rate': 0.2, 'max_depth': 4, 'subsample': 0.8}
2026-07-07T08:28:31 | OK 11/1467 f1=0.544207 params={'n_estimators': 40, 'learning_rate': 0.2, 'max_depth': 4, 'subsample': 0.9}
2026-07-07T08:33:23 | OK 12/1467 f1=0.544011 params={'n_estimators': 40, 'learning_rate': 0.2, 'max_depth': 4, 'subsample': 1.0}
2026-07-07T08:37:22 | OK 13/1467 f1=0.540336 params={'n_estimators': 40, 'learning_rate': 0.2, 'max_depth': 5, 'subsample': 0.6}
2026-07-07T08:41:46 | OK 14/1467 f1=0.541396 params={'n_estimators': 40, 'learning_rate': 0.2, 'max_depth': 5, 'subsample': 0.7}
2026-07-07T08:45:04 | OK 15/1467 f1=0.541629 params={'n_estimators': 40, 'learning_rate': 0.2, 'max_depth': 5, 'subsample': 0.5}
2026-07-07T08:50:02 | OK 16/1467 f1=0.541077 params={'n_estimators': 40, 'learning_rate': 0.2, 'max_depth': 5, 'subsample': 0.8}
2026-07-07T08:55:36 | OK 17/1467 f1=0.541164 params={'n_estimators': 40, 'learning_rate': 0.2, 'max_depth': 5, 'subsample': 0.9}
2026-07-07T09:01:48 | OK 18/1467 f1=0.541990 params={'n_estimators': 40, 'learning_rate': 0.2, 'max_depth': 5, 'subsample': 1.0}
2026-07-07T09:03:29 | OK 19/1467 f1=0.544178 params={'n_estimators': 40, 'learning_rate': 0.25, 'max_depth': 2, 'subsample': 0.6}
2026-07-07T09:04:51 | OK 20/1467 f1=0.545118 params={'n_estimators': 40, 'learning_rate': 0.25, 'max_depth': 2, 'subsample': 0.5}
2026-07-07T09:07:02 | OK 21/1467 f1=0.544775 params={'n_estimators': 40, 'learning_rate': 0.25, 'max_depth': 2, 'subsample': 0.8}
2026-07-07T09:09:22 | OK 22/1467 f1=0.544292 params={'n_estimators': 40, 'learning_rate': 0.25, 'max_depth': 2, 'subsample': 0.9}
2026-07-07T09:11:54 | OK 23/1467 f1=0.544447 params={'n_estimators': 40, 'learning_rate': 0.25, 'max_depth': 2, 'subsample': 1.0}
2026-07-07T09:14:30 | OK 24/1467 f1=0.543714 params={'n_estimators': 40, 'learning_rate': 0.25, 'max_depth': 3, 'subsample': 0.6}
2026-07-07T09:17:45 | OK 25/1467 f1=0.544388 params={'n_estimators': 40, 'learning_rate': 0.25, 'max_depth': 3, 'subsample': 0.7}
2026-07-07T09:20:08 | OK 26/1467 f1=0.544244 params={'n_estimators': 40, 'learning_rate': 0.25, 'max_depth': 3, 'subsample': 0.5}
2026-07-07T09:23:44 | OK 27/1467 f1=0.544453 params={'n_estimators': 40, 'learning_rate': 0.25, 'max_depth': 3, 'subsample': 0.8}
2026-07-07T09:27:42 | OK 28/1467 f1=0.544837 params={'n_estimators': 40, 'learning_rate': 0.25, 'max_depth': 3, 'subsample': 0.9}
2026-07-07T09:32:08 | OK 29/1467 f1=0.544415 params={'n_estimators': 40, 'learning_rate': 0.25, 'max_depth': 3, 'subsample': 1.0}
2026-07-07T09:36:11 | OK 30/1467 f1=0.543367 params={'n_estimators': 40, 'learning_rate': 0.25, 'max_depth': 4, 'subsample': 0.6}
2026-07-07T09:40:35 | OK 31/1467 f1=0.542883 params={'n_estimators': 40, 'learning_rate': 0.25, 'max_depth': 4, 'subsample': 0.7}
2026-07-07T09:43:22 | OK 32/1467 f1=0.542625 params={'n_estimators': 40, 'learning_rate': 0.25, 'max_depth': 4, 'subsample': 0.5}
2026-07-07T09:48:06 | OK 33/1467 f1=0.543741 params={'n_estimators': 40, 'learning_rate': 0.25, 'max_depth': 4, 'subsample': 0.8}
2026-07-07T09:53:19 | OK 34/1467 f1=0.543114 params={'n_estimators': 40, 'learning_rate': 0.25, 'max_depth': 4, 'subsample': 0.9}
2026-07-07T09:59:34 | OK 35/1467 f1=0.543208 params={'n_estimators': 40, 'learning_rate': 0.25, 'max_depth': 4, 'subsample': 1.0}
2026-07-07T10:04:15 | OK 36/1467 f1=0.538526 params={'n_estimators': 40, 'learning_rate': 0.25, 'max_depth': 5, 'subsample': 0.6}
2026-07-07T10:09:09 | OK 37/1467 f1=0.539353 params={'n_estimators': 40, 'learning_rate': 0.25, 'max_depth': 5, 'subsample': 0.7}
2026-07-07T10:13:13 | OK 38/1467 f1=0.540926 params={'n_estimators': 40, 'learning_rate': 0.25, 'max_depth': 5, 'subsample': 0.5}
2026-07-07T10:19:25 | OK 39/1467 f1=0.540042 params={'n_estimators': 40, 'learning_rate': 0.25, 'max_depth': 5, 'subsample': 0.8}
2026-07-07T10:25:47 | OK 40/1467 f1=0.540399 params={'n_estimators': 40, 'learning_rate': 0.25, 'max_depth': 5, 'subsample': 0.9}
2026-07-07T10:32:58 | OK 41/1467 f1=0.538870 params={'n_estimators': 40, 'learning_rate': 0.25, 'max_depth': 5, 'subsample': 1.0}
2026-07-07T10:35:39 | OK 42/1467 f1=0.545488 params={'n_estimators': 40, 'learning_rate': 0.15, 'max_depth': 3, 'subsample': 0.6}
2026-07-07T10:38:46 | OK 43/1467 f1=0.545085 params={'n_estimators': 40, 'learning_rate': 0.15, 'max_depth': 3, 'subsample': 0.7}
2026-07-07T10:41:06 | OK 44/1467 f1=0.544535 params={'n_estimators': 40, 'learning_rate': 0.15, 'max_depth': 3, 'subsample': 0.5}
2026-07-07T10:44:41 | OK 45/1467 f1=0.544487 params={'n_estimators': 40, 'learning_rate': 0.15, 'max_depth': 3, 'subsample': 0.8}
2026-07-07T10:49:04 | OK 46/1467 f1=0.544920 params={'n_estimators': 40, 'learning_rate': 0.15, 'max_depth': 3, 'subsample': 0.9}
2026-07-07T10:49:04 | STOP budget reached before candidate 47/1467 | elapsed=10848.3s
2026-07-07T10:49:04 | DONE status=budget_reached completed=46 errors=0 elapsed=10848.3s best={'params': {'n_estimators': 40, 'learning_rate': 0.2, 'max_depth': 3, 'subsample': 0.8}, 'run_id': 'GB_20260707_075622', 'f1_up_mean': 0.5457129150338031, 'f1_up_std': 0.01603370155203233, 'precision_up_mean': 0.3855062224109823, 'recall_up_mean': 0.9345346003439179, 'seconds': 230.01}
