2026-07-08T07:56:49 | START 3h Logistic Regression search | budget=10800s | dataset=7e88c028946b | train_rows=466973 | candidates=8205 | skipped_existing=1
2026-07-08T07:56:52 | BEST 1/8205 f1=0.541907 params={'C': 1e-08, 'solver': 'lbfgs'}
2026-07-08T07:56:55 | OK 2/8205 f1=0.541907 params={'C': 1.0106881190054966e-08, 'solver': 'lbfgs'}
2026-07-08T07:56:58 | OK 3/8205 f1=0.541907 params={'C': 1.021490473898871e-08, 'solver': 'lbfgs'}
2026-07-08T07:57:00 | OK 4/8205 f1=0.541907 params={'C': 1.0324082856468833e-08, 'solver': 'lbfgs'}
2026-07-08T07:57:03 | OK 5/8205 f1=0.541907 params={'C': 1.043442788266138e-08, 'solver': 'lbfgs'}
2026-07-08T07:57:06 | OK 6/8205 f1=0.541907 params={'C': 1.0545952289625557e-08, 'solver': 'lbfgs'}
2026-07-08T07:57:09 | OK 7/8205 f1=0.541907 params={'C': 1.0658668682723365e-08, 'solver': 'lbfgs'}
2026-07-08T07:57:11 | OK 8/8205 f1=0.541907 params={'C': 1.0772589802044473e-08, 'solver': 'lbfgs'}
2026-07-08T07:57:14 | OK 9/8205 f1=0.541907 params={'C': 1.0887728523846145e-08, 'solver': 'lbfgs'}
2026-07-08T07:57:17 | OK 10/8205 f1=0.541907 params={'C': 1.1004097862008554e-08, 'solver': 'lbfgs'}
2026-07-08T07:57:19 | OK 11/8205 f1=0.541907 params={'C': 1.1121710969505832e-08, 'solver': 'lbfgs'}
2026-07-08T07:57:22 | OK 12/8205 f1=0.541907 params={'C': 1.1240581139892671e-08, 'solver': 'lbfgs'}
2026-07-08T07:57:25 | OK 13/8205 f1=0.541907 params={'C': 1.1360721808806784e-08, 'solver': 'lbfgs'}
2026-07-08T07:57:29 | OK 14/8205 f1=0.541907 params={'C': 1.1482146555487653e-08, 'solver': 'lbfgs'}
2026-07-08T07:57:33 | OK 15/8205 f1=0.541907 params={'C': 1.1604869104311282e-08, 'solver': 'lbfgs'}
2026-07-08T07:57:36 | OK 16/8205 f1=0.541907 params={'C': 1.172890332634137e-08, 'solver': 'lbfgs'}
2026-07-08T07:57:40 | OK 17/8205 f1=0.541907 params={'C': 1.1854263240897273e-08, 'solver': 'lbfgs'}
2026-07-08T07:57:44 | OK 18/8205 f1=0.541907 params={'C': 1.1980963017138492e-08, 'solver': 'lbfgs'}
2026-07-08T07:57:47 | OK 19/8205 f1=0.541907 params={'C': 1.2109016975666121e-08, 'solver': 'lbfgs'}
2026-07-08T07:57:51 | OK 20/8205 f1=0.541907 params={'C': 1.2238439590141621e-08, 'solver': 'lbfgs'}
2026-07-08T07:57:56 | OK 21/8205 f1=0.541907 params={'C': 1.236924548892266e-08, 'solver': 'lbfgs'}
2026-07-08T07:58:01 | OK 22/8205 f1=0.541907 params={'C': 1.2501449456716469e-08, 'solver': 'lbfgs'}
2026-07-08T07:58:04 | OK 23/8205 f1=0.541907 params={'C': 1.2635066436251056e-08, 'solver': 'lbfgs'}
2026-07-08T07:58:08 | OK 24/8205 f1=0.541907 params={'C': 1.2770111529964089e-08, 'solver': 'lbfgs'}
2026-07-08T07:58:12 | OK 25/8205 f1=0.541907 params={'C': 1.290660000170981e-08, 'solver': 'lbfgs'}
2026-07-08T07:58:16 | OK 26/8205 f1=0.541907 params={'C': 1.3044547278484455e-08, 'solver': 'lbfgs'}
2026-07-08T07:58:18 | OK 27/8205 f1=0.541907 params={'C': 1.3183968952169723e-08, 'solver': 'lbfgs'}
2026-07-08T07:58:22 | OK 28/8205 f1=0.541907 params={'C': 1.3324880781295286e-08, 'solver': 'lbfgs'}
2026-07-08T07:58:25 | OK 29/8205 f1=0.541907 params={'C': 1.3467298692819852e-08, 'solver': 'lbfgs'}
2026-07-08T07:58:28 | OK 30/8205 f1=0.541907 params={'C': 1.361123878393128e-08, 'solver': 'lbfgs'}
2026-07-08T07:58:31 | OK 31/8205 f1=0.541907 params={'C': 1.3756717323866169e-08, 'solver': 'lbfgs'}
2026-07-08T07:58:35 | OK 32/8205 f1=0.541907 params={'C': 1.3903750755748656e-08, 'solver': 'lbfgs'}
2026-07-08T07:58:38 | OK 33/8205 f1=0.541907 params={'C': 1.4052355698448861e-08, 'solver': 'lbfgs'}
2026-07-08T07:58:42 | OK 34/8205 f1=0.541907 params={'C': 1.4202548948461452e-08, 'solver': 'lbfgs'}
2026-07-08T07:58:45 | OK 35/8205 f1=0.541907 params={'C': 1.4354347481804027e-08, 'solver': 'lbfgs'}
2026-07-08T07:58:49 | OK 36/8205 f1=0.541907 params={'C': 1.45077684559358e-08, 'solver': 'lbfgs'}
2026-07-08T07:58:54 | OK 37/8205 f1=0.541907 params={'C': 1.4662829211697032e-08, 'solver': 'lbfgs'}
2026-07-08T07:58:58 | OK 38/8205 f1=0.541907 params={'C': 1.4819547275268953e-08, 'solver': 'lbfgs'}
2026-07-08T07:59:02 | OK 39/8205 f1=0.541907 params={'C': 1.4977940360154612e-08, 'solver': 'lbfgs'}
2026-07-08T07:59:05 | OK 40/8205 f1=0.541907 params={'C': 1.5138026369181174e-08, 'solver': 'lbfgs'}
2026-07-08T07:59:08 | OK 41/8205 f1=0.541907 params={'C': 1.529982339652336e-08, 'solver': 'lbfgs'}
2026-07-08T07:59:11 | OK 42/8205 f1=0.541907 params={'C': 1.5463349729748484e-08, 'solver': 'lbfgs'}
2026-07-08T07:59:15 | OK 43/8205 f1=0.541907 params={'C': 1.562862385188365e-08, 'solver': 'lbfgs'}
2026-07-08T07:59:18 | OK 44/8205 f1=0.541907 params={'C': 1.5795664443504757e-08, 'solver': 'lbfgs'}
2026-07-08T07:59:22 | OK 45/8205 f1=0.541907 params={'C': 1.596449038484783e-08, 'solver': 'lbfgs'}
2026-07-08T07:59:25 | OK 46/8205 f1=0.541907 params={'C': 1.6135120757943187e-08, 'solver': 'lbfgs'}
2026-07-08T07:59:28 | OK 47/8205 f1=0.541907 params={'C': 1.6307574848772177e-08, 'solver': 'lbfgs'}
2026-07-08T07:59:32 | OK 48/8205 f1=0.541907 params={'C': 1.6481872149446897e-08, 'solver': 'lbfgs'}
2026-07-08T07:59:35 | OK 49/8205 f1=0.541907 params={'C': 1.6658032360413568e-08, 'solver': 'lbfgs'}
2026-07-08T07:59:38 | OK 50/8205 f1=0.541907 params={'C': 1.6836075392679114e-08, 'solver': 'lbfgs'}
2026-07-08T07:59:42 | OK 51/8205 f1=0.541907 params={'C': 1.7016021370061583e-08, 'solver': 'lbfgs'}
2026-07-08T07:59:45 | OK 52/8205 f1=0.541907 params={'C': 1.7197890631464876e-08, 'solver': 'lbfgs'}
2026-07-08T07:59:49 | OK 53/8205 f1=0.541907 params={'C': 1.7381703733177522e-08, 'solver': 'lbfgs'}
2026-07-08T07:59:52 | OK 54/8205 f1=0.541907 params={'C': 1.756748145119601e-08, 'solver': 'lbfgs'}
2026-07-08T07:59:57 | OK 55/8205 f1=0.541907 params={'C': 1.7755244783573246e-08, 'solver': 'lbfgs'}
2026-07-08T08:00:00 | OK 56/8205 f1=0.541907 params={'C': 1.7945014952791837e-08, 'solver': 'lbfgs'}
2026-07-08T08:00:03 | OK 57/8205 f1=0.541907 params={'C': 1.8136813408162693e-08, 'solver': 'lbfgs'}
2026-07-08T08:00:07 | OK 58/8205 f1=0.541907 params={'C': 1.8330661828249623e-08, 'solver': 'lbfgs'}
2026-07-08T08:00:10 | OK 59/8205 f1=0.541907 params={'C': 1.8526582123319507e-08, 'solver': 'lbfgs'}
2026-07-08T08:00:13 | OK 60/8205 f1=0.541907 params={'C': 1.8724596437818652e-08, 'solver': 'lbfgs'}
2026-07-08T08:00:17 | OK 61/8205 f1=0.541907 params={'C': 1.8924727152875955e-08, 'solver': 'lbfgs'}
2026-07-08T08:00:20 | OK 62/8205 f1=0.541907 params={'C': 1.9126996888832486e-08, 'solver': 'lbfgs'}
2026-07-08T08:00:23 | OK 63/8205 f1=0.541907 params={'C': 1.9331428507798092e-08, 'solver': 'lbfgs'}
2026-07-08T08:00:26 | OK 64/8205 f1=0.541907 params={'C': 1.9538045116235688e-08, 'solver': 'lbfgs'}
2026-07-08T08:00:29 | OK 65/8205 f1=0.541907 params={'C': 1.9746870067572817e-08, 'solver': 'lbfgs'}
2026-07-08T08:00:32 | OK 66/8205 f1=0.541907 params={'C': 1.9957926964841117e-08, 'solver': 'lbfgs'}
2026-07-08T08:00:36 | OK 67/8205 f1=0.541907 params={'C': 2.017123966334435e-08, 'solver': 'lbfgs'}
2026-07-08T08:00:39 | OK 68/8205 f1=0.541907 params={'C': 2.0386832273354607e-08, 'solver': 'lbfgs'}
2026-07-08T08:00:42 | OK 69/8205 f1=0.541907 params={'C': 2.060472916283732e-08, 'solver': 'lbfgs'}
2026-07-08T08:00:45 | OK 70/8205 f1=0.541907 params={'C': 2.0824954960205755e-08, 'solver': 'lbfgs'}
2026-07-08T08:00:48 | OK 71/8205 f1=0.541907 params={'C': 2.1047534557104582e-08, 'solver': 'lbfgs'}
2026-07-08T08:00:51 | OK 72/8205 f1=0.541907 params={'C': 2.127249311122322e-08, 'solver': 'lbfgs'}
2026-07-08T08:00:54 | OK 73/8205 f1=0.541907 params={'C': 2.1499856049139582e-08, 'solver': 'lbfgs'}
2026-07-08T08:00:58 | OK 74/8205 f1=0.541907 params={'C': 2.1729649069193877e-08, 'solver': 'lbfgs'}
2026-07-08T08:01:01 | OK 75/8205 f1=0.541907 params={'C': 2.19618981443931e-08, 'solver': 'lbfgs'}
2026-07-08T08:01:04 | OK 76/8205 f1=0.541907 params={'C': 2.2196629525346967e-08, 'solver': 'lbfgs'}
2026-07-08T08:01:07 | OK 77/8205 f1=0.541907 params={'C': 2.2433869743234842e-08, 'solver': 'lbfgs'}
2026-07-08T08:01:10 | OK 78/8205 f1=0.541907 params={'C': 2.2673645612804347e-08, 'solver': 'lbfgs'}
2026-07-08T08:01:13 | OK 79/8205 f1=0.541907 params={'C': 2.2915984235402457e-08, 'solver': 'lbfgs'}
2026-07-08T08:01:16 | OK 80/8205 f1=0.541907 params={'C': 2.316091300203857e-08, 'solver': 'lbfgs'}
2026-07-08T08:01:19 | OK 81/8205 f1=0.541907 params={'C': 2.340845959648031e-08, 'solver': 'lbfgs'}
2026-07-08T08:01:22 | OK 82/8205 f1=0.541907 params={'C': 2.3658651998382854e-08, 'solver': 'lbfgs'}
2026-07-08T08:01:25 | OK 83/8205 f1=0.541907 params={'C': 2.3911518486451248e-08, 'solver': 'lbfgs'}
2026-07-08T08:01:28 | OK 84/8205 f1=0.541907 params={'C': 2.416708764163657e-08, 'solver': 'lbfgs'}
2026-07-08T08:01:31 | OK 85/8205 f1=0.541907 params={'C': 2.44253883503667e-08, 'solver': 'lbfgs'}
2026-07-08T08:01:34 | OK 86/8205 f1=0.541907 params={'C': 2.4686449807810892e-08, 'solver': 'lbfgs'}
2026-07-08T08:01:37 | OK 87/8205 f1=0.541907 params={'C': 2.4950301521179993e-08, 'solver': 'lbfgs'}
2026-07-08T08:01:40 | OK 88/8205 f1=0.541907 params={'C': 2.521697331306144e-08, 'solver': 'lbfgs'}
2026-07-08T08:01:43 | OK 89/8205 f1=0.541907 params={'C': 2.5486495324789873e-08, 'solver': 'lbfgs'}
2026-07-08T08:01:46 | OK 90/8205 f1=0.541907 params={'C': 2.575889801985426e-08, 'solver': 'lbfgs'}
2026-07-08T08:01:49 | OK 91/8205 f1=0.541907 params={'C': 2.603421218734097e-08, 'solver': 'lbfgs'}
2026-07-08T08:01:52 | OK 92/8205 f1=0.541907 params={'C': 2.631246894541362e-08, 'solver': 'lbfgs'}
2026-07-08T08:01:55 | OK 93/8205 f1=0.541907 params={'C': 2.6593699744830633e-08, 'solver': 'lbfgs'}
2026-07-08T08:01:58 | OK 94/8205 f1=0.541907 params={'C': 2.6877936372499885e-08, 'solver': 'lbfgs'}
2026-07-08T08:02:01 | OK 95/8205 f1=0.541907 params={'C': 2.716521095507133e-08, 'solver': 'lbfgs'}
2026-07-08T08:02:04 | OK 96/8205 f1=0.541907 params={'C': 2.7455555962568554e-08, 'solver': 'lbfgs'}
2026-07-08T08:02:07 | OK 97/8205 f1=0.541907 params={'C': 2.7749004212058616e-08, 'solver': 'lbfgs'}
2026-07-08T08:02:10 | OK 98/8205 f1=0.541907 params={'C': 2.8045588871361126e-08, 'solver': 'lbfgs'}
2026-07-08T08:02:13 | OK 99/8205 f1=0.541907 params={'C': 2.8345343462797465e-08, 'solver': 'lbfgs'}
2026-07-08T08:02:16 | OK 100/8205 f1=0.541907 params={'C': 2.8648301866979577e-08, 'solver': 'lbfgs'}
2026-07-08T08:02:19 | OK 101/8205 f1=0.541907 params={'C': 2.8954498326639246e-08, 'solver': 'lbfgs'}
2026-07-08T08:02:22 | OK 102/8205 f1=0.541907 params={'C': 2.926396745049882e-08, 'solver': 'lbfgs'}
2026-07-08T08:02:25 | OK 103/8205 f1=0.541907 params={'C': 2.9576744217182793e-08, 'solver': 'lbfgs'}
2026-07-08T08:02:28 | OK 104/8205 f1=0.541907 params={'C': 2.9892863979171173e-08, 'solver': 'lbfgs'}
2026-07-08T08:02:31 | OK 105/8205 f1=0.541907 params={'C': 3.0212362466795684e-08, 'solver': 'lbfgs'}
2026-07-08T08:02:34 | OK 106/8205 f1=0.541907 params={'C': 3.053527579227806e-08, 'solver': 'lbfgs'}
2026-07-08T08:02:37 | OK 107/8205 f1=0.541907 params={'C': 3.0861640453811586e-08, 'solver': 'lbfgs'}
2026-07-08T08:02:40 | OK 108/8205 f1=0.541907 params={'C': 3.1191493339686774e-08, 'solver': 'lbfgs'}
2026-07-08T08:02:43 | OK 109/8205 f1=0.541907 params={'C': 3.1524871732460566e-08, 'solver': 'lbfgs'}
2026-07-08T08:02:45 | OK 110/8205 f1=0.541907 params={'C': 3.186181331317012e-08, 'solver': 'lbfgs'}
2026-07-08T08:02:49 | OK 111/8205 f1=0.541907 params={'C': 3.2202356165592195e-08, 'solver': 'lbfgs'}
2026-07-08T08:02:51 | OK 112/8205 f1=0.541907 params={'C': 3.2546538780547503e-08, 'solver': 'lbfgs'}
2026-07-08T08:02:54 | OK 113/8205 f1=0.541907 params={'C': 3.289440006025101e-08, 'solver': 'lbfgs'}
2026-07-08T08:02:57 | OK 114/8205 f1=0.541907 params={'C': 3.3245979322709384e-08, 'solver': 'lbfgs'}
2026-07-08T08:03:00 | OK 115/8205 f1=0.541907 params={'C': 3.360131630616485e-08, 'solver': 'lbfgs'}
2026-07-08T08:03:03 | OK 116/8205 f1=0.541907 params={'C': 3.3960451173586475e-08, 'solver': 'lbfgs'}
2026-07-08T08:03:05 | OK 117/8205 f1=0.541907 params={'C': 3.432342451721012e-08, 'solver': 'lbfgs'}
2026-07-08T08:03:08 | OK 118/8205 f1=0.541907 params={'C': 3.469027736312632e-08, 'solver': 'lbfgs'}
2026-07-08T08:03:11 | OK 119/8205 f1=0.541907 params={'C': 3.5061051175917095e-08, 'solver': 'lbfgs'}
2026-07-08T08:03:14 | OK 120/8205 f1=0.541907 params={'C': 3.5435787863343105e-08, 'solver': 'lbfgs'}
2026-07-08T08:03:17 | OK 121/8205 f1=0.541907 params={'C': 3.581452978108012e-08, 'solver': 'lbfgs'}
2026-07-08T08:03:20 | OK 122/8205 f1=0.541907 params={'C': 3.619731973750621e-08, 'solver': 'lbfgs'}
2026-07-08T08:03:23 | OK 123/8205 f1=0.541907 params={'C': 3.658420099854077e-08, 'solver': 'lbfgs'}
2026-07-08T08:03:25 | OK 124/8205 f1=0.541907 params={'C': 3.6975217292534176e-08, 'solver': 'lbfgs'}
2026-07-08T08:03:28 | OK 125/8205 f1=0.541907 params={'C': 3.737041281521088e-08, 'solver': 'lbfgs'}
2026-07-08T08:03:31 | OK 126/8205 f1=0.541907 params={'C': 3.776983223466447e-08, 'solver': 'lbfgs'}
2026-07-08T08:03:34 | OK 127/8205 f1=0.541907 params={'C': 3.8173520696406204e-08, 'solver': 'lbfgs'}
2026-07-08T08:03:36 | OK 128/8205 f1=0.541907 params={'C': 3.858152382846818e-08, 'solver': 'lbfgs'}
2026-07-08T08:03:39 | OK 129/8205 f1=0.541907 params={'C': 3.899388774656033e-08, 'solver': 'lbfgs'}
2026-07-08T08:03:42 | OK 130/8205 f1=0.541907 params={'C': 3.941065905928255e-08, 'solver': 'lbfgs'}
2026-07-08T08:03:45 | OK 131/8205 f1=0.541907 params={'C': 3.983188487339321e-08, 'solver': 'lbfgs'}
2026-07-08T08:03:48 | OK 132/8205 f1=0.541907 params={'C': 4.0257612799133364e-08, 'solver': 'lbfgs'}
2026-07-08T08:03:50 | OK 133/8205 f1=0.541907 params={'C': 4.0687890955607706e-08, 'solver': 'lbfgs'}
2026-07-08T08:03:53 | OK 134/8205 f1=0.541907 params={'C': 4.112276797622391e-08, 'solver': 'lbfgs'}
2026-07-08T08:03:56 | OK 135/8205 f1=0.541907 params={'C': 4.15622930141893e-08, 'solver': 'lbfgs'}
2026-07-08T08:03:59 | OK 136/8205 f1=0.541907 params={'C': 4.200651574806628e-08, 'solver': 'lbfgs'}
2026-07-08T08:04:01 | OK 137/8205 f1=0.541907 params={'C': 4.245548638738788e-08, 'solver': 'lbfgs'}
2026-07-08T08:04:04 | OK 138/8205 f1=0.541907 params={'C': 4.290925567833261e-08, 'solver': 'lbfgs'}
2026-07-08T08:04:07 | OK 139/8205 f1=0.541907 params={'C': 4.336787490945991e-08, 'solver': 'lbfgs'}
2026-07-08T08:04:10 | OK 140/8205 f1=0.541907 params={'C': 4.383139591750771e-08, 'solver': 'lbfgs'}
2026-07-08T08:04:13 | OK 141/8205 f1=0.541907 params={'C': 4.429987109325116e-08, 'solver': 'lbfgs'}
2026-07-08T08:04:16 | OK 142/8205 f1=0.541907 params={'C': 4.477335338742399e-08, 'solver': 'lbfgs'}
2026-07-08T08:04:19 | OK 143/8205 f1=0.541907 params={'C': 4.525189631670393e-08, 'solver': 'lbfgs'}
2026-07-08T08:04:21 | OK 144/8205 f1=0.541907 params={'C': 4.573555396976135e-08, 'solver': 'lbfgs'}
2026-07-08T08:04:24 | OK 145/8205 f1=0.541907 params={'C': 4.6224381013372476e-08, 'solver': 'lbfgs'}
2026-07-08T08:04:27 | OK 146/8205 f1=0.541907 params={'C': 4.671843269859882e-08, 'solver': 'lbfgs'}
2026-07-08T08:04:30 | OK 147/8205 f1=0.541907 params={'C': 4.721776486703183e-08, 'solver': 'lbfgs'}
2026-07-08T08:04:33 | OK 148/8205 f1=0.541907 params={'C': 4.772243395710422e-08, 'solver': 'lbfgs'}
2026-07-08T08:04:35 | OK 149/8205 f1=0.541907 params={'C': 4.8232497010469705e-08, 'solver': 'lbfgs'}
2026-07-08T08:04:38 | OK 150/8205 f1=0.541907 params={'C': 4.8748011678449966e-08, 'solver': 'lbfgs'}
2026-07-08T08:04:41 | OK 151/8205 f1=0.541907 params={'C': 4.926903622855058e-08, 'solver': 'lbfgs'}
2026-07-08T08:04:44 | OK 152/8205 f1=0.541907 params={'C': 4.979562955104745e-08, 'solver': 'lbfgs'}
2026-07-08T08:04:46 | OK 153/8205 f1=0.541907 params={'C': 5.032785116564277e-08, 'solver': 'lbfgs'}
2026-07-08T08:04:49 | OK 154/8205 f1=0.541907 params={'C': 5.0865761228192086e-08, 'solver': 'lbfgs'}
2026-07-08T08:04:52 | OK 155/8205 f1=0.541907 params={'C': 5.140942053750418e-08, 'solver': 'lbfgs'}
2026-07-08T08:04:55 | OK 156/8205 f1=0.541907 params={'C': 5.195889054221275e-08, 'solver': 'lbfgs'}
2026-07-08T08:04:58 | OK 157/8205 f1=0.541907 params={'C': 5.25142333477215e-08, 'solver': 'lbfgs'}
2026-07-08T08:05:01 | OK 158/8205 f1=0.541907 params={'C': 5.307551172322436e-08, 'solver': 'lbfgs'}
2026-07-08T08:05:03 | OK 159/8205 f1=0.541906 params={'C': 5.364278910879993e-08, 'solver': 'lbfgs'}
2026-07-08T08:05:06 | OK 160/8205 f1=0.541906 params={'C': 5.4216129622581537e-08, 'solver': 'lbfgs'}
2026-07-08T08:05:09 | OK 161/8205 f1=0.541906 params={'C': 5.479559806800512e-08, 'solver': 'lbfgs'}
2026-07-08T08:05:12 | OK 162/8205 f1=0.541906 params={'C': 5.5381259941133435e-08, 'solver': 'lbfgs'}
2026-07-08T08:05:15 | OK 163/8205 f1=0.541906 params={'C': 5.597318143805861e-08, 'solver': 'lbfgs'}
2026-07-08T08:05:17 | OK 164/8205 f1=0.541906 params={'C': 5.6571429462384836e-08, 'solver': 'lbfgs'}
2026-07-08T08:05:20 | OK 165/8205 f1=0.541906 params={'C': 5.717607163278998e-08, 'solver': 'lbfgs'}
2026-07-08T08:05:23 | BEST 166/8205 f1=0.541908 params={'C': 5.778717629066804e-08, 'solver': 'lbfgs'}
2026-07-08T08:05:26 | OK 167/8205 f1=0.541908 params={'C': 5.840481250785431e-08, 'solver': 'lbfgs'}
2026-07-08T08:05:29 | OK 168/8205 f1=0.541908 params={'C': 5.90290500944321e-08, 'solver': 'lbfgs'}
2026-07-08T08:05:32 | OK 169/8205 f1=0.541908 params={'C': 5.965995960662282e-08, 'solver': 'lbfgs'}
2026-07-08T08:05:34 | OK 170/8205 f1=0.541908 params={'C': 6.029761235476152e-08, 'solver': 'lbfgs'}
2026-07-08T08:05:37 | OK 171/8205 f1=0.541908 params={'C': 6.094208041135664e-08, 'solver': 'lbfgs'}
2026-07-08T08:05:40 | OK 172/8205 f1=0.541908 params={'C': 6.159343661923577e-08, 'solver': 'lbfgs'}
2026-07-08T08:05:43 | OK 173/8205 f1=0.541908 params={'C': 6.225175459977966e-08, 'solver': 'lbfgs'}
2026-07-08T08:05:46 | OK 174/8205 f1=0.541908 params={'C': 6.291710876124322e-08, 'solver': 'lbfgs'}
2026-07-08T08:05:49 | OK 175/8205 f1=0.541908 params={'C': 6.358957430716516e-08, 'solver': 'lbfgs'}
2026-07-08T08:05:51 | OK 176/8205 f1=0.541908 params={'C': 6.426922724486901e-08, 'solver': 'lbfgs'}
2026-07-08T08:05:54 | OK 177/8205 f1=0.541908 params={'C': 6.49561443940536e-08, 'solver': 'lbfgs'}
2026-07-08T08:05:57 | OK 178/8205 f1=0.541908 params={'C': 6.565040339547548e-08, 'solver': 'lbfgs'}
2026-07-08T08:06:00 | OK 179/8205 f1=0.541908 params={'C': 6.635208271972518e-08, 'solver': 'lbfgs'}
2026-07-08T08:06:02 | OK 180/8205 f1=0.541908 params={'C': 6.70612616760963e-08, 'solver': 'lbfgs'}
2026-07-08T08:06:05 | OK 181/8205 f1=0.541908 params={'C': 6.777802042154917e-08, 'solver': 'lbfgs'}
2026-07-08T08:06:08 | OK 182/8205 f1=0.541908 params={'C': 6.850243996977167e-08, 'solver': 'lbfgs'}
2026-07-08T08:06:11 | OK 183/8205 f1=0.541908 params={'C': 6.923460220033561e-08, 'solver': 'lbfgs'}
2026-07-08T08:06:14 | OK 184/8205 f1=0.541908 params={'C': 6.997458986795102e-08, 'solver': 'lbfgs'}
2026-07-08T08:06:17 | OK 185/8205 f1=0.541908 params={'C': 7.072248661182049e-08, 'solver': 'lbfgs'}
2026-07-08T08:06:19 | OK 186/8205 f1=0.541908 params={'C': 7.147837696509243e-08, 'solver': 'lbfgs'}
2026-07-08T08:06:22 | OK 187/8205 f1=0.541908 params={'C': 7.224234636441507e-08, 'solver': 'lbfgs'}
2026-07-08T08:06:25 | OK 188/8205 f1=0.541908 params={'C': 7.301448115959425e-08, 'solver': 'lbfgs'}
2026-07-08T08:06:28 | OK 189/8205 f1=0.541908 params={'C': 7.379486862335274e-08, 'solver': 'lbfgs'}
2026-07-08T08:06:31 | OK 190/8205 f1=0.541908 params={'C': 7.458359696119412e-08, 'solver': 'lbfgs'}
2026-07-08T08:06:34 | OK 191/8205 f1=0.541908 params={'C': 7.538075532137336e-08, 'solver': 'lbfgs'}
2026-07-08T08:06:37 | OK 192/8205 f1=0.541908 params={'C': 7.618643380497257e-08, 'solver': 'lbfgs'}
2026-07-08T08:06:39 | OK 193/8205 f1=0.541908 params={'C': 7.700072347608452e-08, 'solver': 'lbfgs'}
2026-07-08T08:06:42 | OK 194/8205 f1=0.541908 params={'C': 7.78237163721064e-08, 'solver': 'lbfgs'}
2026-07-08T08:06:45 | OK 195/8205 f1=0.541908 params={'C': 7.86555055141415e-08, 'solver': 'lbfgs'}
2026-07-08T08:06:48 | OK 196/8205 f1=0.541908 params={'C': 7.949618491751414e-08, 'solver': 'lbfgs'}
2026-07-08T08:06:50 | OK 197/8205 f1=0.541908 params={'C': 8.034584960239566e-08, 'solver': 'lbfgs'}
2026-07-08T08:06:53 | OK 198/8205 f1=0.541908 params={'C': 8.120459560454379e-08, 'solver': 'lbfgs'}
2026-07-08T08:06:56 | OK 199/8205 f1=0.541908 params={'C': 8.207251998615839e-08, 'solver': 'lbfgs'}
2026-07-08T08:06:59 | OK 200/8205 f1=0.541908 params={'C': 8.294972084685162e-08, 'solver': 'lbfgs'}
2026-07-08T08:07:02 | OK 201/8205 f1=0.541908 params={'C': 8.38362973347355e-08, 'solver': 'lbfgs'}
2026-07-08T08:07:04 | OK 202/8205 f1=0.541908 params={'C': 8.473234965762934e-08, 'solver': 'lbfgs'}
2026-07-08T08:07:07 | OK 203/8205 f1=0.541908 params={'C': 8.563797909438561e-08, 'solver': 'lbfgs'}
2026-07-08T08:07:10 | OK 204/8205 f1=0.541908 params={'C': 8.655328800633665e-08, 'solver': 'lbfgs'}
2026-07-08T08:07:13 | OK 205/8205 f1=0.541908 params={'C': 8.747837984886539e-08, 'solver': 'lbfgs'}
2026-07-08T08:07:16 | OK 206/8205 f1=0.541908 params={'C': 8.841335918309829e-08, 'solver': 'lbfgs'}
2026-07-08T08:07:18 | OK 207/8205 f1=0.541908 params={'C': 8.935833168772296e-08, 'solver': 'lbfgs'}
2026-07-08T08:07:21 | OK 208/8205 f1=0.541908 params={'C': 9.031340417093398e-08, 'solver': 'lbfgs'}
2026-07-08T08:07:24 | OK 209/8205 f1=0.541908 params={'C': 9.127868458250462e-08, 'solver': 'lbfgs'}
2026-07-08T08:07:27 | OK 210/8205 f1=0.541908 params={'C': 9.225428202598762e-08, 'solver': 'lbfgs'}
2026-07-08T08:07:30 | OK 211/8205 f1=0.541908 params={'C': 9.324030677104803e-08, 'solver': 'lbfgs'}
2026-07-08T08:07:33 | OK 212/8205 f1=0.541908 params={'C': 9.42368702659262e-08, 'solver': 'lbfgs'}
2026-07-08T08:07:36 | OK 213/8205 f1=0.541908 params={'C': 9.524408515003396e-08, 'solver': 'lbfgs'}
2026-07-08T08:07:39 | OK 214/8205 f1=0.541908 params={'C': 9.626206526668719e-08, 'solver': 'lbfgs'}
2026-07-08T08:07:41 | OK 215/8205 f1=0.541908 params={'C': 9.729092567597262e-08, 'solver': 'lbfgs'}
2026-07-08T08:07:44 | OK 216/8205 f1=0.541908 params={'C': 9.833078266775233e-08, 'solver': 'lbfgs'}
2026-07-08T08:07:47 | OK 217/8205 f1=0.541908 params={'C': 9.938175377480891e-08, 'solver': 'lbfgs'}
2026-07-08T08:07:50 | BEST 218/8205 f1=0.541928 params={'C': 1.0044395778612923e-07, 'solver': 'lbfgs'}
2026-07-08T08:07:53 | OK 219/8205 f1=0.541928 params={'C': 1.0151751476033046e-07, 'solver': 'lbfgs'}
2026-07-08T08:07:55 | OK 220/8205 f1=0.541928 params={'C': 1.0260254603923134e-07, 'solver': 'lbfgs'}
2026-07-08T08:07:58 | OK 221/8205 f1=0.541928 params={'C': 1.0369917426156559e-07, 'solver': 'lbfgs'}
2026-07-08T08:08:01 | OK 222/8205 f1=0.541928 params={'C': 1.0480752337684494e-07, 'solver': 'lbfgs'}
2026-07-08T08:08:04 | OK 223/8205 f1=0.541928 params={'C': 1.0592771865936825e-07, 'solver': 'lbfgs'}
2026-07-08T08:08:07 | OK 224/8205 f1=0.541928 params={'C': 1.0705988672238034e-07, 'solver': 'lbfgs'}
2026-07-08T08:08:10 | OK 225/8205 f1=0.541928 params={'C': 1.0820415553238412e-07, 'solver': 'lbfgs'}
2026-07-08T08:08:12 | OK 226/8205 f1=0.541928 params={'C': 1.0936065442360374e-07, 'solver': 'lbfgs'}
2026-07-08T08:08:15 | OK 227/8205 f1=0.541928 params={'C': 1.1052951411260221e-07, 'solver': 'lbfgs'}
2026-07-08T08:08:18 | OK 228/8205 f1=0.541928 params={'C': 1.1171086671305742e-07, 'solver': 'lbfgs'}
2026-07-08T08:08:21 | OK 229/8205 f1=0.541928 params={'C': 1.1290484575069399e-07, 'solver': 'lbfgs'}
2026-07-08T08:08:24 | OK 230/8205 f1=0.541928 params={'C': 1.1411158617837463e-07, 'solver': 'lbfgs'}
2026-07-08T08:08:26 | OK 231/8205 f1=0.541928 params={'C': 1.1533122439135509e-07, 'solver': 'lbfgs'}
2026-07-08T08:08:29 | OK 232/8205 f1=0.541928 params={'C': 1.1656389824269977e-07, 'solver': 'lbfgs'}
2026-07-08T08:08:32 | OK 233/8205 f1=0.541928 params={'C': 1.1780974705886235e-07, 'solver': 'lbfgs'}
2026-07-08T08:08:35 | OK 234/8205 f1=0.541928 params={'C': 1.1906891165543492e-07, 'solver': 'lbfgs'}
2026-07-08T08:08:37 | OK 235/8205 f1=0.541928 params={'C': 1.203415343530634e-07, 'solver': 'lbfgs'}
2026-07-08T08:08:41 | OK 236/8205 f1=0.541928 params={'C': 1.2162775899353302e-07, 'solver': 'lbfgs'}
2026-07-08T08:08:44 | OK 237/8205 f1=0.541928 params={'C': 1.2292773095602777e-07, 'solver': 'lbfgs'}
2026-07-08T08:08:47 | OK 238/8205 f1=0.541928 params={'C': 1.242415971735617e-07, 'solver': 'lbfgs'}
2026-07-08T08:08:49 | BEST 239/8205 f1=0.541930 params={'C': 1.2556950614958571e-07, 'solver': 'lbfgs'}
2026-07-08T08:08:52 | OK 240/8205 f1=0.541930 params={'C': 1.2691160797477393e-07, 'solver': 'lbfgs'}
2026-07-08T08:08:55 | OK 241/8205 f1=0.541930 params={'C': 1.2826805434398752e-07, 'solver': 'lbfgs'}
2026-07-08T08:08:58 | OK 242/8205 f1=0.541930 params={'C': 1.2963899857341955e-07, 'solver': 'lbfgs'}
2026-07-08T08:09:00 | OK 243/8205 f1=0.541897 params={'C': 1.3102459561792569e-07, 'solver': 'lbfgs'}
2026-07-08T08:09:03 | OK 244/8205 f1=0.541897 params={'C': 1.3242500208853742e-07, 'solver': 'lbfgs'}
2026-07-08T08:09:06 | OK 245/8205 f1=0.541897 params={'C': 1.3384037627016283e-07, 'solver': 'lbfgs'}
2026-07-08T08:09:09 | OK 246/8205 f1=0.541897 params={'C': 1.3527087813947877e-07, 'solver': 'lbfgs'}
2026-07-08T08:09:12 | OK 247/8205 f1=0.541897 params={'C': 1.3671666938301184e-07, 'solver': 'lbfgs'}
2026-07-08T08:09:15 | OK 248/8205 f1=0.541897 params={'C': 1.381779134154126e-07, 'solver': 'lbfgs'}
2026-07-08T08:09:17 | OK 249/8205 f1=0.541897 params={'C': 1.3965477539792776e-07, 'solver': 'lbfgs'}
2026-07-08T08:09:20 | OK 250/8205 f1=0.541897 params={'C': 1.41147422257067e-07, 'solver': 'lbfgs'}
2026-07-08T08:09:23 | OK 251/8205 f1=0.541897 params={'C': 1.426560227034696e-07, 'solver': 'lbfgs'}
2026-07-08T08:09:26 | OK 252/8205 f1=0.541897 params={'C': 1.4418074725097512e-07, 'solver': 'lbfgs'}
2026-07-08T08:09:28 | OK 253/8205 f1=0.541897 params={'C': 1.4572176823589528e-07, 'solver': 'lbfgs'}
2026-07-08T08:09:31 | OK 254/8205 f1=0.541897 params={'C': 1.4727925983649193e-07, 'solver': 'lbfgs'}
2026-07-08T08:09:34 | OK 255/8205 f1=0.541897 params={'C': 1.488533980926658e-07, 'solver': 'lbfgs'}
2026-07-08T08:09:37 | OK 256/8205 f1=0.541897 params={'C': 1.504443609258531e-07, 'solver': 'lbfgs'}
2026-07-08T08:09:40 | OK 257/8205 f1=0.541897 params={'C': 1.520523281591345e-07, 'solver': 'lbfgs'}
2026-07-08T08:09:42 | OK 258/8205 f1=0.541897 params={'C': 1.5367748153756216e-07, 'solver': 'lbfgs'}
2026-07-08T08:09:45 | OK 259/8205 f1=0.541894 params={'C': 1.5532000474870095e-07, 'solver': 'lbfgs'}
2026-07-08T08:09:48 | OK 260/8205 f1=0.541894 params={'C': 1.5698008344338935e-07, 'solver': 'lbfgs'}
2026-07-08T08:09:51 | OK 261/8205 f1=0.541894 params={'C': 1.5865790525672511e-07, 'solver': 'lbfgs'}
2026-07-08T08:09:54 | OK 262/8205 f1=0.541894 params={'C': 1.603536598292721e-07, 'solver': 'lbfgs'}
2026-07-08T08:09:57 | OK 263/8205 f1=0.541891 params={'C': 1.620675388284943e-07, 'solver': 'lbfgs'}
2026-07-08T08:10:00 | OK 264/8205 f1=0.541891 params={'C': 1.637997359704212e-07, 'solver': 'lbfgs'}
2026-07-08T08:10:02 | OK 265/8205 f1=0.541891 params={'C': 1.655504470415423e-07, 'solver': 'lbfgs'}
2026-07-08T08:10:05 | OK 266/8205 f1=0.541891 params={'C': 1.673198699209355e-07, 'solver': 'lbfgs'}
2026-07-08T08:10:08 | OK 267/8205 f1=0.541891 params={'C': 1.6910820460263467e-07, 'solver': 'lbfgs'}
2026-07-08T08:10:11 | OK 268/8205 f1=0.541891 params={'C': 1.7091565321823386e-07, 'solver': 'lbfgs'}
2026-07-08T08:10:14 | OK 269/8205 f1=0.541888 params={'C': 1.7274242005973254e-07, 'solver': 'lbfgs'}
2026-07-08T08:10:16 | OK 270/8205 f1=0.541889 params={'C': 1.7458871160262843e-07, 'solver': 'lbfgs'}
2026-07-08T08:10:19 | OK 271/8205 f1=0.541889 params={'C': 1.7565339749080194e-07, 'solver': 'lbfgs'}
2026-07-08T08:10:22 | OK 272/8205 f1=0.541889 params={'C': 1.7645473652925403e-07, 'solver': 'lbfgs'}
2026-07-08T08:10:25 | OK 273/8205 f1=0.541889 params={'C': 1.7740993146570995e-07, 'solver': 'lbfgs'}
2026-07-08T08:10:28 | OK 274/8205 f1=0.541889 params={'C': 1.7834070575236223e-07, 'solver': 'lbfgs'}
2026-07-08T08:10:30 | OK 275/8205 f1=0.541889 params={'C': 1.7918403078036704e-07, 'solver': 'lbfgs'}
2026-07-08T08:10:33 | OK 276/8205 f1=0.541889 params={'C': 1.8024683243896774e-07, 'solver': 'lbfgs'}
2026-07-08T08:10:36 | OK 277/8205 f1=0.541889 params={'C': 1.8097587108817073e-07, 'solver': 'lbfgs'}
2026-07-08T08:10:39 | OK 278/8205 f1=0.541889 params={'C': 1.821733320344396e-07, 'solver': 'lbfgs'}
2026-07-08T08:10:42 | OK 279/8205 f1=0.541889 params={'C': 1.8278562979905243e-07, 'solver': 'lbfgs'}
2026-07-08T08:10:44 | OK 280/8205 f1=0.541889 params={'C': 1.8412042228685155e-07, 'solver': 'lbfgs'}
2026-07-08T08:10:47 | OK 281/8205 f1=0.541889 params={'C': 1.8461348609704295e-07, 'solver': 'lbfgs'}
2026-07-08T08:10:50 | OK 282/8205 f1=0.541889 params={'C': 1.8608832327159571e-07, 'solver': 'lbfgs'}
2026-07-08T08:10:53 | OK 283/8205 f1=0.541889 params={'C': 1.8645962095801342e-07, 'solver': 'lbfgs'}
2026-07-08T08:10:56 | OK 284/8205 f1=0.541889 params={'C': 1.8807725741625624e-07, 'solver': 'lbfgs'}
2026-07-08T08:10:59 | OK 285/8205 f1=0.541889 params={'C': 1.8832421716759355e-07, 'solver': 'lbfgs'}
2026-07-08T08:11:02 | OK 286/8205 f1=0.541889 params={'C': 1.9008744952574863e-07, 'solver': 'lbfgs'}
2026-07-08T08:11:04 | OK 287/8205 f1=0.541889 params={'C': 1.902074593392695e-07, 'solver': 'lbfgs'}
2026-07-08T08:11:07 | OK 288/8205 f1=0.541889 params={'C': 1.9210953393266215e-07, 'solver': 'lbfgs'}
2026-07-08T08:11:10 | OK 289/8205 f1=0.541889 params={'C': 1.9211912680773116e-07, 'solver': 'lbfgs'}
2026-07-08T08:11:13 | OK 290/8205 f1=0.541889 params={'C': 1.940306292719888e-07, 'solver': 'lbfgs'}
2026-07-08T08:11:15 | OK 291/8205 f1=0.541889 params={'C': 1.941725188982847e-07, 'solver': 'lbfgs'}
2026-07-08T08:11:18 | OK 292/8205 f1=0.541889 params={'C': 1.959709355647087e-07, 'solver': 'lbfgs'}
2026-07-08T08:11:21 | OK 293/8205 f1=0.541889 params={'C': 1.962478578878666e-07, 'solver': 'lbfgs'}
2026-07-08T08:11:24 | OK 294/8205 f1=0.541889 params={'C': 1.9793064492035575e-07, 'solver': 'lbfgs'}
2026-07-08T08:11:27 | OK 295/8205 f1=0.541889 params={'C': 1.983453783475459e-07, 'solver': 'lbfgs'}
2026-07-08T08:11:30 | OK 296/8205 f1=0.541889 params={'C': 1.999099513695593e-07, 'solver': 'lbfgs'}
2026-07-08T08:11:32 | OK 297/8205 f1=0.541889 params={'C': 2.0046531735551513e-07, 'solver': 'lbfgs'}
2026-07-08T08:11:35 | OK 298/8205 f1=0.541889 params={'C': 2.0190905088325494e-07, 'solver': 'lbfgs'}
2026-07-08T08:11:38 | OK 299/8205 f1=0.541889 params={'C': 2.0260791452388553e-07, 'solver': 'lbfgs'}
2026-07-08T08:11:41 | OK 300/8205 f1=0.541889 params={'C': 2.0392814139208748e-07, 'solver': 'lbfgs'}
2026-07-08T08:11:44 | OK 301/8205 f1=0.541889 params={'C': 2.0477341202577232e-07, 'solver': 'lbfgs'}
2026-07-08T08:11:46 | OK 302/8205 f1=0.541889 params={'C': 2.0596742280600837e-07, 'solver': 'lbfgs'}
2026-07-08T08:11:49 | OK 303/8205 f1=0.541889 params={'C': 2.0696205462266579e-07, 'solver': 'lbfgs'}
2026-07-08T08:11:52 | OK 304/8205 f1=0.541889 params={'C': 2.0802709703406845e-07, 'solver': 'lbfgs'}
2026-07-08T08:11:55 | OK 305/8205 f1=0.541889 params={'C': 2.0917408969209492e-07, 'solver': 'lbfgs'}
2026-07-08T08:11:58 | OK 306/8205 f1=0.541889 params={'C': 2.1010736800440913e-07, 'solver': 'lbfgs'}
2026-07-08T08:12:01 | OK 307/8205 f1=0.541889 params={'C': 2.1140976725559046e-07, 'solver': 'lbfgs'}
2026-07-08T08:12:04 | OK 308/8205 f1=0.541889 params={'C': 2.122084416844532e-07, 'solver': 'lbfgs'}
2026-07-08T08:12:06 | OK 309/8205 f1=0.541889 params={'C': 2.13669340006943e-07, 'solver': 'lbfgs'}
2026-07-08T08:12:09 | OK 310/8205 f1=0.541889 params={'C': 2.1433052610129775e-07, 'solver': 'lbfgs'}
2026-07-08T08:12:12 | OK 311/8205 f1=0.541889 params={'C': 2.1595306334076312e-07, 'solver': 'lbfgs'}
2026-07-08T08:12:15 | OK 312/8205 f1=0.541889 params={'C': 2.1647383136231073e-07, 'solver': 'lbfgs'}
2026-07-08T08:12:18 | OK 313/8205 f1=0.541889 params={'C': 2.1826119538135074e-07, 'solver': 'lbfgs'}
2026-07-08T08:12:20 | OK 314/8205 f1=0.541889 params={'C': 2.1863856967593383e-07, 'solver': 'lbfgs'}
2026-07-08T08:12:23 | OK 315/8205 f1=0.541889 params={'C': 2.2059399701186903e-07, 'solver': 'lbfgs'}
2026-07-08T08:12:26 | OK 316/8205 f1=0.541889 params={'C': 2.2082495537269316e-07, 'solver': 'lbfgs'}
2026-07-08T08:12:29 | OK 317/8205 f1=0.541889 params={'C': 2.2295173190383005e-07, 'solver': 'lbfgs'}
2026-07-08T08:12:32 | OK 318/8205 f1=0.541889 params={'C': 2.230332049264201e-07, 'solver': 'lbfgs'}
2026-07-08T08:12:34 | OK 319/8205 f1=0.541889 params={'C': 2.2526353697568432e-07, 'solver': 'lbfgs'}
2026-07-08T08:12:37 | OK 320/8205 f1=0.541889 params={'C': 2.2533466654689977e-07, 'solver': 'lbfgs'}
2026-07-08T08:12:40 | OK 321/8205 f1=0.541889 params={'C': 2.2751617234544116e-07, 'solver': 'lbfgs'}
2026-07-08T08:12:43 | OK 322/8205 f1=0.541889 params={'C': 2.277430702790174e-07, 'solver': 'lbfgs'}
2026-07-08T08:12:46 | OK 323/8205 f1=0.541889 params={'C': 2.2979133406889559e-07, 'solver': 'lbfgs'}
2026-07-08T08:12:48 | OK 324/8205 f1=0.541889 params={'C': 2.3017721531683672e-07, 'solver': 'lbfgs'}
2026-07-08T08:12:51 | OK 325/8205 f1=0.541889 params={'C': 2.3208924740958453e-07, 'solver': 'lbfgs'}
2026-07-08T08:12:54 | OK 326/8205 f1=0.541889 params={'C': 2.326373767864969e-07, 'solver': 'lbfgs'}
2026-07-08T08:12:57 | OK 327/8205 f1=0.541889 params={'C': 2.3441013988368038e-07, 'solver': 'lbfgs'}
2026-07-08T08:13:00 | OK 328/8205 f1=0.541889 params={'C': 2.35123832754718e-07, 'solver': 'lbfgs'}
2026-07-08T08:13:02 | OK 329/8205 f1=0.541890 params={'C': 2.3675424128251718e-07, 'solver': 'lbfgs'}
2026-07-08T08:13:05 | OK 330/8205 f1=0.541890 params={'C': 2.3763686426022894e-07, 'solver': 'lbfgs'}
2026-07-08T08:13:08 | OK 331/8205 f1=0.541890 params={'C': 2.3912178369534237e-07, 'solver': 'lbfgs'}
2026-07-08T08:13:11 | OK 332/8205 f1=0.541890 params={'C': 2.401767553455353e-07, 'solver': 'lbfgs'}
2026-07-08T08:13:14 | OK 333/8205 f1=0.541890 params={'C': 2.4151300153229576e-07, 'solver': 'lbfgs'}
2026-07-08T08:13:17 | OK 334/8205 f1=0.541887 params={'C': 2.427437930890229e-07, 'solver': 'lbfgs'}
2026-07-08T08:13:20 | OK 335/8205 f1=0.541887 params={'C': 2.4392813154761875e-07, 'solver': 'lbfgs'}
2026-07-08T08:13:22 | OK 336/8205 f1=0.541887 params={'C': 2.4533826763740406e-07, 'solver': 'lbfgs'}
2026-07-08T08:13:25 | OK 337/8205 f1=0.541887 params={'C': 2.4636741286309495e-07, 'solver': 'lbfgs'}
2026-07-08T08:13:28 | OK 338/8205 f1=0.541887 params={'C': 2.47960472238515e-07, 'solver': 'lbfgs'}
2026-07-08T08:13:31 | OK 339/8205 f1=0.541887 params={'C': 2.488310869917259e-07, 'solver': 'lbfgs'}
2026-07-08T08:13:33 | OK 340/8205 f1=0.541887 params={'C': 2.506107032744599e-07, 'solver': 'lbfgs'}
2026-07-08T08:13:36 | OK 341/8205 f1=0.541889 params={'C': 2.5131939786164314e-07, 'solver': 'lbfgs'}
2026-07-08T08:13:39 | OK 342/8205 f1=0.541889 params={'C': 2.5328926029510853e-07, 'solver': 'lbfgs'}
2026-07-08T08:13:42 | OK 343/8205 f1=0.541889 params={'C': 2.5383259184025956e-07, 'solver': 'lbfgs'}
2026-07-08T08:13:45 | OK 344/8205 f1=0.541889 params={'C': 2.559964460519569e-07, 'solver': 'lbfgs'}
2026-07-08T08:13:47 | OK 345/8205 f1=0.541889 params={'C': 2.5637091775866216e-07, 'solver': 'lbfgs'}
2026-07-08T08:13:50 | OK 346/8205 f1=0.541889 params={'C': 2.5873256653234494e-07, 'solver': 'lbfgs'}
2026-07-08T08:13:53 | OK 347/8205 f1=0.541889 params={'C': 2.589346269362488e-07, 'solver': 'lbfgs'}
2026-07-08T08:13:56 | OK 348/8205 f1=0.541889 params={'C': 2.614979309940402e-07, 'solver': 'lbfgs'}
2026-07-08T08:13:58 | OK 349/8205 f1=0.541889 params={'C': 2.615239732056113e-07, 'solver': 'lbfgs'}
2026-07-08T08:14:01 | OK 350/8205 f1=0.541889 params={'C': 2.641392129376674e-07, 'solver': 'lbfgs'}
2026-07-08T08:14:04 | OK 351/8205 f1=0.541889 params={'C': 2.642928520001962e-07, 'solver': 'lbfgs'}
2026-07-08T08:14:07 | OK 352/8205 f1=0.541887 params={'C': 2.6678060506704407e-07, 'solver': 'lbfgs'}
2026-07-08T08:14:10 | OK 353/8205 f1=0.541887 params={'C': 2.671176454546764e-07, 'solver': 'lbfgs'}
2026-07-08T08:14:13 | OK 354/8205 f1=0.541887 params={'C': 2.694484111177145e-07, 'solver': 'lbfgs'}
2026-07-08T08:14:16 | OK 355/8205 f1=0.541887 params={'C': 2.69972630637764e-07, 'solver': 'lbfgs'}
2026-07-08T08:14:19 | OK 356/8205 f1=0.541887 params={'C': 2.721428952288917e-07, 'solver': 'lbfgs'}
2026-07-08T08:14:21 | OK 357/8205 f1=0.541887 params={'C': 2.72858130242248e-07, 'solver': 'lbfgs'}
2026-07-08T08:14:24 | OK 358/8205 f1=0.541887 params={'C': 2.748643241811806e-07, 'solver': 'lbfgs'}
2026-07-08T08:14:27 | OK 359/8205 f1=0.541887 params={'C': 2.7577447040989444e-07, 'solver': 'lbfgs'}
2026-07-08T08:14:30 | OK 360/8205 f1=0.541887 params={'C': 2.776129674229924e-07, 'solver': 'lbfgs'}
2026-07-08T08:14:33 | OK 361/8205 f1=0.541887 params={'C': 2.787219807683132e-07, 'solver': 'lbfgs'}
2026-07-08T08:14:35 | OK 362/8205 f1=0.541886 params={'C': 2.8038909709722233e-07, 'solver': 'lbfgs'}
2026-07-08T08:14:38 | OK 363/8205 f1=0.541886 params={'C': 2.8170099446821323e-07, 'solver': 'lbfgs'}
2026-07-08T08:14:41 | OK 364/8205 f1=0.541886 params={'C': 2.8319298806819454e-07, 'solver': 'lbfgs'}
2026-07-08T08:14:44 | OK 365/8205 f1=0.541885 params={'C': 2.8471184822105627e-07, 'solver': 'lbfgs'}
2026-07-08T08:14:47 | OK 366/8205 f1=0.541885 params={'C': 2.860249179488765e-07, 'solver': 'lbfgs'}
2026-07-08T08:14:49 | OK 367/8205 f1=0.541885 params={'C': 2.877548823371178e-07, 'solver': 'lbfgs'}
2026-07-08T08:14:52 | OK 368/8205 f1=0.541885 params={'C': 2.888851671283653e-07, 'solver': 'lbfgs'}
2026-07-08T08:14:55 | OK 369/8205 f1=0.541885 params={'C': 2.908304407639502e-07, 'solver': 'lbfgs'}
2026-07-08T08:14:58 | OK 370/8205 f1=0.541885 params={'C': 2.9177401879964896e-07, 'solver': 'lbfgs'}
2026-07-08T08:15:01 | OK 371/8205 f1=0.541885 params={'C': 2.9393887112525635e-07, 'solver': 'lbfgs'}
2026-07-08T08:15:03 | OK 372/8205 f1=0.541922 params={'C': 2.946917589876454e-07, 'solver': 'lbfgs'}
2026-07-08T08:15:06 | OK 373/8205 f1=0.541922 params={'C': 2.97080524760185e-07, 'solver': 'lbfgs'}
2026-07-08T08:15:09 | OK 374/8205 f1=0.541922 params={'C': 2.976386765775219e-07, 'solver': 'lbfgs'}
2026-07-08T08:15:12 | OK 375/8205 f1=0.541922 params={'C': 3.0025575676303727e-07, 'solver': 'lbfgs'}
2026-07-08T08:15:15 | OK 376/8205 f1=0.541922 params={'C': 3.0061506334329715e-07, 'solver': 'lbfgs'}
2026-07-08T08:15:18 | OK 377/8205 f1=0.541922 params={'C': 3.034649260234061e-07, 'solver': 'lbfgs'}
2026-07-08T08:15:21 | OK 378/8205 f1=0.541922 params={'C': 3.0362121397673007e-07, 'solver': 'lbfgs'}
2026-07-08T08:15:23 | OK 379/8205 f1=0.541922 params={'C': 3.0665742611649737e-07, 'solver': 'lbfgs'}
2026-07-08T08:15:26 | OK 380/8205 f1=0.541922 params={'C': 3.0670839526673907e-07, 'solver': 'lbfgs'}
2026-07-08T08:15:29 | OK 381/8205 f1=0.541922 params={'C': 3.097240003776624e-07, 'solver': 'lbfgs'}
2026-07-08T08:15:32 | OK 382/8205 f1=0.541922 params={'C': 3.099865310953349e-07, 'solver': 'lbfgs'}
2026-07-08T08:15:34 | OK 383/8205 f1=0.541922 params={'C': 3.12821240381439e-07, 'solver': 'lbfgs'}
2026-07-08T08:15:37 | OK 384/8205 f1=0.541922 params={'C': 3.132997040297829e-07, 'solver': 'lbfgs'}
2026-07-08T08:15:40 | OK 385/8205 f1=0.541922 params={'C': 3.1594945278525337e-07, 'solver': 'lbfgs'}
2026-07-08T08:15:43 | OK 386/8205 f1=0.541922 params={'C': 3.166482885508407e-07, 'solver': 'lbfgs'}
2026-07-08T08:15:46 | OK 387/8205 f1=0.541922 params={'C': 3.191089473131059e-07, 'solver': 'lbfgs'}
2026-07-08T08:15:48 | OK 388/8205 f1=0.541922 params={'C': 3.2003266314175897e-07, 'solver': 'lbfgs'}
2026-07-08T08:15:51 | OK 389/8205 f1=0.541922 params={'C': 3.22300036786237e-07, 'solver': 'lbfgs'}
2026-07-08T08:15:54 | OK 390/8205 f1=0.541922 params={'C': 3.234532103310641e-07, 'solver': 'lbfgs'}
2026-07-08T08:15:57 | OK 391/8205 f1=0.541922 params={'C': 3.2552303715409935e-07, 'solver': 'lbfgs'}
2026-07-08T08:16:00 | OK 392/8205 f1=0.541922 params={'C': 3.269103167357931e-07, 'solver': 'lbfgs'}
2026-07-08T08:16:02 | OK 393/8205 f1=0.541922 params={'C': 3.2877826752564035e-07, 'solver': 'lbfgs'}
2026-07-08T08:16:05 | OK 394/8205 f1=0.541922 params={'C': 3.3040437310518987e-07, 'solver': 'lbfgs'}
2026-07-08T08:16:08 | OK 395/8205 f1=0.541922 params={'C': 3.3206605020089673e-07, 'solver': 'lbfgs'}
2026-07-08T08:16:11 | OK 396/8205 f1=0.541922 params={'C': 3.3393577436487464e-07, 'solver': 'lbfgs'}
2026-07-08T08:16:14 | OK 397/8205 f1=0.541922 params={'C': 3.353867107029057e-07, 'solver': 'lbfgs'}
2026-07-08T08:16:16 | OK 398/8205 f1=0.541922 params={'C': 3.375049196614798e-07, 'solver': 'lbfgs'}
2026-07-08T08:16:19 | OK 399/8205 f1=0.541922 params={'C': 3.3874057780993476e-07, 'solver': 'lbfgs'}
2026-07-08T08:16:22 | OK 400/8205 f1=0.541922 params={'C': 3.411122124077623e-07, 'solver': 'lbfgs'}
2026-07-08T08:16:25 | OK 401/8205 f1=0.541922 params={'C': 3.4212798358803414e-07, 'solver': 'lbfgs'}
2026-07-08T08:16:28 | OK 402/8205 f1=0.541922 params={'C': 3.4475806032820465e-07, 'solver': 'lbfgs'}
2026-07-08T08:16:31 | OK 403/8205 f1=0.541922 params={'C': 3.4554926342391447e-07, 'solver': 'lbfgs'}
2026-07-08T08:16:34 | OK 404/8205 f1=0.541922 params={'C': 3.484428755050974e-07, 'solver': 'lbfgs'}
2026-07-08T08:16:36 | OK 405/8205 f1=0.541922 params={'C': 3.4900475605815364e-07, 'solver': 'lbfgs'}
2026-07-08T08:16:39 | OK 406/8205 f1=0.541922 params={'C': 3.521670744251133e-07, 'solver': 'lbfgs'}
2026-07-08T08:16:42 | OK 407/8205 f1=0.541922 params={'C': 3.524948036187352e-07, 'solver': 'lbfgs'}
2026-07-08T08:16:45 | OK 408/8205 f1=0.541922 params={'C': 3.5593107802638654e-07, 'solver': 'lbfgs'}
2026-07-08T08:16:48 | OK 409/8205 f1=0.541922 params={'C': 3.560197516549225e-07, 'solver': 'lbfgs'}
2026-07-08T08:16:50 | OK 410/8205 f1=0.541922 params={'C': 3.595799491714718e-07, 'solver': 'lbfgs'}
2026-07-08T08:16:53 | OK 411/8205 f1=0.541922 params={'C': 3.59735311746088e-07, 'solver': 'lbfgs'}
2026-07-08T08:16:56 | OK 412/8205 f1=0.541922 params={'C': 3.631757486631865e-07, 'solver': 'lbfgs'}
2026-07-08T08:16:59 | OK 413/8205 f1=0.541922 params={'C': 3.6358020556850965e-07, 'solver': 'lbfgs'}
2026-07-08T08:17:02 | OK 414/8205 f1=0.541922 params={'C': 3.668075061498183e-07, 'solver': 'lbfgs'}
2026-07-08T08:17:04 | OK 415/8205 f1=0.541922 params={'C': 3.674661940736688e-07, 'solver': 'lbfgs'}
2026-07-08T08:17:07 | OK 416/8205 f1=0.541922 params={'C': 3.7047558121131654e-07, 'solver': 'lbfgs'}
2026-07-08T08:17:10 | OK 417/8205 f1=0.541922 params={'C': 3.7139371648642585e-07, 'solver': 'lbfgs'}
2026-07-08T08:17:13 | OK 418/8205 f1=0.541922 params={'C': 3.7418033702342966e-07, 'solver': 'lbfgs'}
2026-07-08T08:17:16 | OK 419/8205 f1=0.541922 params={'C': 3.753632167261264e-07, 'solver': 'lbfgs'}
2026-07-08T08:17:18 | OK 420/8205 f1=0.541922 params={'C': 3.7792214039366403e-07, 'solver': 'lbfgs'}
2026-07-08T08:17:21 | OK 421/8205 f1=0.541922 params={'C': 3.793751434567813e-07, 'solver': 'lbfgs'}
2026-07-08T08:17:25 | OK 422/8205 f1=0.541922 params={'C': 3.8170136179760063e-07, 'solver': 'lbfgs'}
2026-07-08T08:17:28 | OK 423/8205 f1=0.541922 params={'C': 3.8342995013777554e-07, 'solver': 'lbfgs'}
2026-07-08T08:17:32 | OK 424/8205 f1=0.541922 params={'C': 3.855183754155766e-07, 'solver': 'lbfgs'}
2026-07-08T08:17:35 | OK 425/8205 f1=0.541922 params={'C': 3.875280950751197e-07, 'solver': 'lbfgs'}
2026-07-08T08:17:39 | OK 426/8205 f1=0.541922 params={'C': 3.8937355916973237e-07, 'solver': 'lbfgs'}
2026-07-08T08:17:42 | OK 427/8205 f1=0.541922 params={'C': 3.91670041473256e-07, 'solver': 'lbfgs'}
2026-07-08T08:17:45 | OK 428/8205 f1=0.541922 params={'C': 3.932672947614297e-07, 'solver': 'lbfgs'}
2026-07-08T08:17:49 | OK 429/8205 f1=0.541922 params={'C': 3.958562574874108e-07, 'solver': 'lbfgs'}
2026-07-08T08:17:52 | OK 430/8205 f1=0.541922 params={'C': 3.97199967709044e-07, 'solver': 'lbfgs'}
2026-07-08T08:17:55 | OK 431/8205 f1=0.541922 params={'C': 4.0008721627650675e-07, 'solver': 'lbfgs'}
2026-07-08T08:17:59 | OK 432/8205 f1=0.541922 params={'C': 4.011719673861345e-07, 'solver': 'lbfgs'}
2026-07-08T08:18:02 | OK 433/8205 f1=0.541922 params={'C': 4.043633960566479e-07, 'solver': 'lbfgs'}
2026-07-08T08:18:05 | OK 434/8205 f1=0.541922 params={'C': 4.0518368705999583e-07, 'solver': 'lbfgs'}
2026-07-08T08:18:09 | OK 435/8205 f1=0.541922 params={'C': 4.0868528015516894e-07, 'solver': 'lbfgs'}
2026-07-08T08:18:12 | OK 436/8205 f1=0.541922 params={'C': 4.092355239305958e-07, 'solver': 'lbfgs'}
2026-07-08T08:18:15 | OK 437/8205 f1=0.541922 params={'C': 4.1305335706526215e-07, 'solver': 'lbfgs'}
2026-07-08T08:18:19 | OK 438/8205 f1=0.541922 params={'C': 4.133278791699018e-07, 'solver': 'lbfgs'}
2026-07-08T08:18:22 | OK 439/8205 f1=0.541922 params={'C': 4.174611579616008e-07, 'solver': 'lbfgs'}
2026-07-08T08:18:25 | OK 440/8205 f1=0.541922 params={'C': 4.1746812050119554e-07, 'solver': 'lbfgs'}
2026-07-08T08:18:29 | OK 441/8205 f1=0.541922 params={'C': 4.216357695412168e-07, 'solver': 'lbfgs'}
2026-07-08T08:18:32 | OK 442/8205 f1=0.541922 params={'C': 4.2193006945411417e-07, 'solver': 'lbfgs'}
2026-07-08T08:18:36 | OK 443/8205 f1=0.541922 params={'C': 4.25852127236629e-07, 'solver': 'lbfgs'}
2026-07-08T08:18:39 | OK 444/8205 f1=0.541922 params={'C': 4.2643970824843725e-07, 'solver': 'lbfgs'}
2026-07-08T08:18:42 | OK 445/8205 f1=0.541922 params={'C': 4.301106485089953e-07, 'solver': 'lbfgs'}
2026-07-08T08:18:46 | OK 446/8205 f1=0.541922 params={'C': 4.3099754659886577e-07, 'solver': 'lbfgs'}
2026-07-08T08:18:49 | OK 447/8205 f1=0.541922 params={'C': 4.3441175499408517e-07, 'solver': 'lbfgs'}
2026-07-08T08:18:53 | OK 448/8205 f1=0.541922 params={'C': 4.356040996679924e-07, 'solver': 'lbfgs'}
2026-07-08T08:18:56 | OK 449/8205 f1=0.541922 params={'C': 4.387558725440261e-07, 'solver': 'lbfgs'}
2026-07-08T08:18:59 | OK 450/8205 f1=0.541922 params={'C': 4.4025988812452614e-07, 'solver': 'lbfgs'}
2026-07-08T08:19:03 | OK 451/8205 f1=0.541922 params={'C': 4.431434312694663e-07, 'solver': 'lbfgs'}
2026-07-08T08:19:06 | OK 452/8205 f1=0.541922 params={'C': 4.449654382021477e-07, 'solver': 'lbfgs'}
2026-07-08T08:19:09 | OK 453/8205 f1=0.541922 params={'C': 4.4757486558216103e-07, 'solver': 'lbfgs'}
2026-07-08T08:19:13 | OK 454/8205 f1=0.541922 params={'C': 4.4972128175898617e-07, 'solver': 'lbfgs'}
2026-07-08T08:19:16 | OK 455/8205 f1=0.541922 params={'C': 4.5205061423798257e-07, 'solver': 'lbfgs'}
2026-07-08T08:19:20 | OK 456/8205 f1=0.541922 params={'C': 4.5452795633773065e-07, 'solver': 'lbfgs'}
2026-07-08T08:19:23 | OK 457/8205 f1=0.541922 params={'C': 4.565711203803624e-07, 'solver': 'lbfgs'}
2026-07-08T08:19:26 | OK 458/8205 f1=0.541922 params={'C': 4.5938600522639354e-07, 'solver': 'lbfgs'}
2026-07-08T08:19:30 | OK 459/8205 f1=0.541921 params={'C': 4.6113683158416607e-07, 'solver': 'lbfgs'}
2026-07-08T08:19:33 | OK 460/8205 f1=0.541921 params={'C': 4.6429597751971386e-07, 'solver': 'lbfgs'}
2026-07-08T08:19:37 | OK 461/8205 f1=0.541921 params={'C': 4.6574819990000774e-07, 'solver': 'lbfgs'}
2026-07-08T08:19:40 | OK 462/8205 f1=0.541921 params={'C': 4.6925842818121796e-07, 'solver': 'lbfgs'}
2026-07-08T08:19:43 | OK 463/8205 f1=0.541921 params={'C': 4.704056818990078e-07, 'solver': 'lbfgs'}
2026-07-08T08:19:47 | OK 464/8205 f1=0.541921 params={'C': 4.742739181059511e-07, 'solver': 'lbfgs'}
2026-07-08T08:19:50 | OK 465/8205 f1=0.541921 params={'C': 4.751097387179979e-07, 'solver': 'lbfgs'}
2026-07-08T08:19:54 | OK 466/8205 f1=0.541921 params={'C': 4.793430141838717e-07, 'solver': 'lbfgs'}
2026-07-08T08:19:57 | OK 467/8205 f1=0.541921 params={'C': 4.798608361051779e-07, 'solver': 'lbfgs'}
2026-07-08T08:20:00 | OK 468/8205 f1=0.541921 params={'C': 4.844662893639223e-07, 'solver': 'lbfgs'}
2026-07-08T08:20:04 | OK 469/8205 f1=0.541921 params={'C': 4.846594444662296e-07, 'solver': 'lbfgs'}
2026-07-08T08:20:07 | OK 470/8205 f1=0.541920 params={'C': 4.89506038910892e-07, 'solver': 'lbfgs'}
2026-07-08T08:20:10 | OK 471/8205 f1=0.541920 params={'C': 4.896443227187953e-07, 'solver': 'lbfgs'}
2026-07-08T08:20:14 | OK 472/8205 f1=0.541920 params={'C': 4.944010993000009e-07, 'solver': 'lbfgs'}
2026-07-08T08:20:17 | OK 473/8205 f1=0.541920 params={'C': 4.948776995103806e-07, 'solver': 'lbfgs'}
2026-07-08T08:20:21 | OK 474/8205 f1=0.541920 params={'C': 4.99345110293001e-07, 'solver': 'lbfgs'}
2026-07-08T08:20:24 | OK 475/8205 f1=0.541920 params={'C': 5.001670112559139e-07, 'solver': 'lbfgs'}
2026-07-08T08:20:27 | OK 476/8205 f1=0.541919 params={'C': 5.043385613959309e-07, 'solver': 'lbfgs'}
2026-07-08T08:20:31 | OK 477/8205 f1=0.541919 params={'C': 5.055128557948407e-07, 'solver': 'lbfgs'}
2026-07-08T08:20:34 | OK 478/8205 f1=0.541919 params={'C': 5.093819470098902e-07, 'solver': 'lbfgs'}
2026-07-08T08:20:38 | OK 479/8205 f1=0.541919 params={'C': 5.109158373563855e-07, 'solver': 'lbfgs'}
2026-07-08T08:20:41 | OK 480/8205 f1=0.541919 params={'C': 5.144757664799891e-07, 'solver': 'lbfgs'}
2026-07-08T08:20:45 | OK 481/8205 f1=0.541919 params={'C': 5.163765666278434e-07, 'solver': 'lbfgs'}
2026-07-08T08:20:49 | OK 482/8205 f1=0.541919 params={'C': 5.19620524144789e-07, 'solver': 'lbfgs'}
2026-07-08T08:20:52 | OK 483/8205 f1=0.541919 params={'C': 5.218956608236116e-07, 'solver': 'lbfgs'}
2026-07-08T08:20:56 | OK 484/8205 f1=0.541919 params={'C': 5.248167293862369e-07, 'solver': 'lbfgs'}
2026-07-08T08:20:59 | OK 485/8205 f1=0.541919 params={'C': 5.274737437549477e-07, 'solver': 'lbfgs'}
2026-07-08T08:21:03 | OK 486/8205 f1=0.541919 params={'C': 5.300648966800993e-07, 'solver': 'lbfgs'}
2026-07-08T08:21:05 | OK 487/8205 f1=0.541919 params={'C': 5.331114459004755e-07, 'solver': 'lbfgs'}
2026-07-08T08:21:08 | OK 488/8205 f1=0.541919 params={'C': 5.353655456469003e-07, 'solver': 'lbfgs'}
2026-07-08T08:21:11 | OK 489/8205 f1=0.541919 params={'C': 5.388094044774522e-07, 'solver': 'lbfgs'}
2026-07-08T08:21:14 | OK 490/8205 f1=0.541919 params={'C': 5.407192011033693e-07, 'solver': 'lbfgs'}
2026-07-08T08:21:18 | OK 491/8205 f1=0.541919 params={'C': 5.44568263513789e-07, 'solver': 'lbfgs'}
2026-07-08T08:21:21 | OK 492/8205 f1=0.541919 params={'C': 5.46126393114403e-07, 'solver': 'lbfgs'}
2026-07-08T08:21:25 | OK 493/8205 f1=0.541919 params={'C': 5.503886739208411e-07, 'solver': 'lbfgs'}
2026-07-08T08:21:28 | OK 494/8205 f1=0.541919 params={'C': 5.51587657045547e-07, 'solver': 'lbfgs'}
