2026-07-08T08:26:11 | START coordinate LR search | dataset=7e88c028946b | train_rows=466973 | seed={'params': {'C': 1.0, 'solver': 'lbfgs'}, 'run_id': 'LR_20260708_000302', 'f1_up_mean': 0.5428026399995373, 'f1_up_std': 0.019337956587143025, 'source': 'history'}
2026-07-08T08:26:11 | REUSE solver@C=1 f1=0.542802640 params={'C': 1.0, 'solver': 'lbfgs'}
2026-07-08T08:26:23 | TRAIN solver@C=1 f1=0.542857122 params={'C': 1.0, 'solver': 'liblinear'}
2026-07-08T08:26:23 | BEST solver@C=1 f1=0.542857122 params={'C': 1.0, 'solver': 'liblinear'}
2026-07-08T08:26:28 | TRAIN C-coarse f1=0.541918903 params={'C': 1e-06, 'solver': 'liblinear'}
2026-07-08T08:26:33 | TRAIN C-coarse f1=0.542606298 params={'C': 3e-06, 'solver': 'liblinear'}
2026-07-08T08:26:38 | TRAIN C-coarse f1=0.543232923 params={'C': 1e-05, 'solver': 'liblinear'}
2026-07-08T08:26:38 | BEST C-coarse f1=0.543232923 params={'C': 1e-05, 'solver': 'liblinear'}
2026-07-08T08:26:43 | TRAIN C-coarse f1=0.543707554 params={'C': 3e-05, 'solver': 'liblinear'}
2026-07-08T08:26:43 | BEST C-coarse f1=0.543707554 params={'C': 3e-05, 'solver': 'liblinear'}
2026-07-08T08:26:50 | TRAIN C-coarse f1=0.543692448 params={'C': 0.0001, 'solver': 'liblinear'}
2026-07-08T08:26:58 | TRAIN C-coarse f1=0.543851933 params={'C': 0.0003, 'solver': 'liblinear'}
2026-07-08T08:26:58 | BEST C-coarse f1=0.543851933 params={'C': 0.0003, 'solver': 'liblinear'}
2026-07-08T08:27:06 | TRAIN C-coarse f1=0.542976743 params={'C': 0.001, 'solver': 'liblinear'}
2026-07-08T08:27:16 | TRAIN C-coarse f1=0.542882861 params={'C': 0.003, 'solver': 'liblinear'}
2026-07-08T08:27:27 | TRAIN C-coarse f1=0.542783507 params={'C': 0.01, 'solver': 'liblinear'}
2026-07-08T08:27:38 | TRAIN C-coarse f1=0.542750246 params={'C': 0.03, 'solver': 'liblinear'}
2026-07-08T08:27:50 | TRAIN C-coarse f1=0.542818044 params={'C': 0.1, 'solver': 'liblinear'}
2026-07-08T08:28:01 | TRAIN C-coarse f1=0.542855176 params={'C': 0.3, 'solver': 'liblinear'}
2026-07-08T08:28:01 | REUSE C-coarse f1=0.542857122 params={'C': 1.0, 'solver': 'liblinear'}
2026-07-08T08:28:13 | TRAIN C-coarse f1=0.542877045 params={'C': 3.0, 'solver': 'liblinear'}
2026-07-08T08:28:26 | TRAIN C-coarse f1=0.542873318 params={'C': 10.0, 'solver': 'liblinear'}
2026-07-08T08:28:38 | TRAIN C-coarse f1=0.542871262 params={'C': 30.0, 'solver': 'liblinear'}
2026-07-08T08:28:51 | TRAIN C-coarse f1=0.542873318 params={'C': 100.0, 'solver': 'liblinear'}
2026-07-08T08:28:58 | TRAIN C-refine-1 f1=0.543608696 params={'C': 7.5e-05, 'solver': 'liblinear'}
2026-07-08T08:29:04 | TRAIN C-refine-1 f1=0.543854958 params={'C': 0.00015, 'solver': 'liblinear'}
2026-07-08T08:29:04 | BEST C-refine-1 f1=0.543854958 params={'C': 0.00015, 'solver': 'liblinear'}
2026-07-08T08:29:13 | TRAIN C-refine-1 f1=0.543389443 params={'C': 0.0006, 'solver': 'liblinear'}
2026-07-08T08:29:22 | TRAIN C-refine-1 f1=0.542966006 params={'C': 0.0012, 'solver': 'liblinear'}
2026-07-08T08:29:29 | TRAIN C-refine-2 f1=0.543734696 params={'C': 0.00010499999999999999, 'solver': 'liblinear'}
2026-07-08T08:29:35 | TRAIN C-refine-2 f1=0.543859908 params={'C': 0.00012749999999999998, 'solver': 'liblinear'}
2026-07-08T08:29:35 | BEST C-refine-2 f1=0.543859908 params={'C': 0.00012749999999999998, 'solver': 'liblinear'}
2026-07-08T08:29:42 | TRAIN C-refine-2 f1=0.543906239 params={'C': 0.00017249999999999996, 'solver': 'liblinear'}
2026-07-08T08:29:42 | BEST C-refine-2 f1=0.543906239 params={'C': 0.00017249999999999996, 'solver': 'liblinear'}
2026-07-08T08:29:50 | TRAIN C-refine-2 f1=0.543883775 params={'C': 0.00020999999999999998, 'solver': 'liblinear'}
2026-07-08T08:29:57 | TRAIN C-refine-3 f1=0.543855796 params={'C': 0.00015524999999999998, 'solver': 'liblinear'}
2026-07-08T08:30:04 | TRAIN C-refine-3 f1=0.543863410 params={'C': 0.00016387499999999996, 'solver': 'liblinear'}
2026-07-08T08:30:11 | TRAIN C-refine-3 f1=0.543879149 params={'C': 0.00018112499999999997, 'solver': 'liblinear'}
2026-07-08T08:30:18 | TRAIN C-refine-3 f1=0.543867954 params={'C': 0.00018974999999999998, 'solver': 'liblinear'}
2026-07-08T08:30:22 | TRAIN solver-final f1=0.543846563 params={'C': 0.00017249999999999996, 'solver': 'lbfgs'}
2026-07-08T08:30:22 | DONE completed_new_runs=30 reused=2 elapsed=251.0s best={'params': {'C': 0.00017249999999999996, 'solver': 'liblinear'}, 'run_id': 'LR_20260708_082937', 'f1_up_mean': 0.5439062387905451, 'f1_up_std': 0.01906055282603445, 'source': 'new'}
