START 20260703_145526 | budget=3300s | dataset=4c2259e97b3f | train_rows=466973 | candidates=970 | current_selected=0.4169172395337803
BEST index=1/970 C=1.0 solver=lbfgs f1=0.416917240 std=0.059676518 elapsed=3.4s
BEST index=2/970 C=1.0 solver=liblinear f1=0.416936569 std=0.059817951 elapsed=6.1s
BEST index=4/970 C=0.944060876286 solver=liblinear f1=0.416939379 std=0.059826530 elapsed=16.8s
BEST index=6/970 C=1.05925372518 solver=liblinear f1=0.416954076 std=0.059818859 elapsed=27.7s
BEST index=16/970 C=1.25892541179 solver=liblinear f1=0.416960302 std=0.059835235 elapsed=77.3s
PROGRESS tested=20 errors=0 index=20/970 elapsed=103.0s best=C=1.25892541179 solver=liblinear f1=0.416960302
PROGRESS tested=40 errors=0 index=40/970 elapsed=203.7s best=C=1.25892541179 solver=liblinear f1=0.416960302
PROGRESS tested=60 errors=0 index=60/970 elapsed=293.7s best=C=1.25892541179 solver=liblinear f1=0.416960302
PROGRESS tested=80 errors=0 index=80/970 elapsed=387.5s best=C=1.25892541179 solver=liblinear f1=0.416960302
PROGRESS tested=100 errors=0 index=100/970 elapsed=482.5s best=C=1.25892541179 solver=liblinear f1=0.416960302
BEST index=116/970 C=0.188364908949 solver=liblinear f1=0.416988391 std=0.059803305 elapsed=551.5s
PROGRESS tested=120 errors=0 index=120/970 elapsed=577.7s best=C=0.188364908949 solver=liblinear f1=0.416988391
BEST index=122/970 C=0.177827941004 solver=liblinear f1=0.416988629 std=0.059801469 elapsed=580.2s
PROGRESS tested=140 errors=0 index=140/970 elapsed=671.4s best=C=0.177827941004 solver=liblinear f1=0.416988629
PROGRESS tested=160 errors=0 index=160/970 elapsed=764.3s best=C=0.177827941004 solver=liblinear f1=0.416988629
PROGRESS tested=180 errors=0 index=180/970 elapsed=856.2s best=C=0.177827941004 solver=liblinear f1=0.416988629
BEST index=190/970 C=0.0668343917569 solver=liblinear f1=0.416992592 std=0.059703546 elapsed=889.0s
BEST index=193/970 C=0.063095734448 solver=lbfgs f1=0.417024875 std=0.059825121 elapsed=901.8s
PROGRESS tested=200 errors=0 index=200/970 elapsed=931.6s best=C=0.063095734448 solver=lbfgs f1=0.417024875
PROGRESS tested=220 errors=0 index=220/970 elapsed=1009.1s best=C=0.063095734448 solver=lbfgs f1=0.417024875
BEST index=226/970 C=0.0398107170553 solver=liblinear f1=0.417029124 std=0.059756013 elapsed=1026.4s
BEST index=234/970 C=0.0354813389234 solver=liblinear f1=0.417047994 std=0.059797226 elapsed=1058.4s
BEST index=236/970 C=0.0334965439158 solver=liblinear f1=0.417055419 std=0.059779824 elapsed=1065.6s
BEST index=240/970 C=0.0316227766017 solver=liblinear f1=0.417064446 std=0.059761030 elapsed=1080.5s
PROGRESS tested=240 errors=0 index=240/970 elapsed=1085.8s best=C=0.0316227766017 solver=liblinear f1=0.417064446
BEST index=244/970 C=0.0298538261892 solver=liblinear f1=0.417092830 std=0.059721913 elapsed=1095.6s
PROGRESS tested=260 errors=0 index=260/970 elapsed=1161.8s best=C=0.0298538261892 solver=liblinear f1=0.417092830
PROGRESS tested=280 errors=0 index=280/970 elapsed=1237.9s best=C=0.0298538261892 solver=liblinear f1=0.417092830
PROGRESS tested=300 errors=0 index=300/970 elapsed=1311.2s best=C=0.0298538261892 solver=liblinear f1=0.417092830
BEST index=307/970 C=0.0118850222744 solver=lbfgs f1=0.417120623 std=0.059667597 elapsed=1334.3s
BEST index=315/970 C=0.0105925372518 solver=lbfgs f1=0.417127659 std=0.059717507 elapsed=1367.0s
BEST index=319/970 C=0.01 solver=lbfgs f1=0.417180141 std=0.059734968 elapsed=1381.5s
PROGRESS tested=320 errors=0 index=320/970 elapsed=1388.6s best=C=0.01 solver=lbfgs f1=0.417180141
PROGRESS tested=340 errors=0 index=340/970 elapsed=1463.9s best=C=0.01 solver=lbfgs f1=0.417180141
BEST index=345/970 C=0.00707945784384 solver=lbfgs f1=0.417183343 std=0.059754339 elapsed=1478.3s
PROGRESS tested=360 errors=0 index=360/970 elapsed=1536.3s best=C=0.00707945784384 solver=lbfgs f1=0.417183343
PROGRESS tested=380 errors=0 index=380/970 elapsed=1604.7s best=C=0.00707945784384 solver=lbfgs f1=0.417183343
BEST index=389/970 C=0.00375837404288 solver=lbfgs f1=0.417198942 std=0.059831215 elapsed=1634.5s
BEST index=393/970 C=0.00354813389234 solver=lbfgs f1=0.417257200 std=0.059806617 elapsed=1649.9s
BEST index=396/970 C=0.00334965439158 solver=liblinear f1=0.417281432 std=0.059832689 elapsed=1658.1s
BEST index=400/970 C=0.00316227766017 solver=liblinear f1=0.417295769 std=0.059914613 elapsed=1671.7s
PROGRESS tested=400 errors=0 index=400/970 elapsed=1676.0s best=C=0.00316227766017 solver=liblinear f1=0.417295769
BEST index=403/970 C=0.00298538261892 solver=lbfgs f1=0.417313870 std=0.059904193 elapsed=1683.6s
BEST index=404/970 C=0.00298538261892 solver=liblinear f1=0.417328575 std=0.059889798 elapsed=1685.4s
BEST index=410/970 C=0.00281838293126 solver=liblinear f1=0.417338511 std=0.059874817 elapsed=1706.6s
BEST index=413/970 C=0.0026607250598 solver=lbfgs f1=0.417366324 std=0.059845991 elapsed=1718.6s
BEST index=414/970 C=0.0026607250598 solver=liblinear f1=0.417395705 std=0.059843222 elapsed=1720.4s
BEST index=418/970 C=0.00251188643151 solver=liblinear f1=0.417408098 std=0.059875341 elapsed=1734.3s
BEST index=420/970 C=0.00237137370566 solver=liblinear f1=0.417429143 std=0.059829702 elapsed=1741.4s
PROGRESS tested=420 errors=0 index=420/970 elapsed=1745.9s best=C=0.00237137370566 solver=liblinear f1=0.417429143
BEST index=424/970 C=0.00223872113857 solver=liblinear f1=0.417439260 std=0.059872983 elapsed=1755.6s
BEST index=428/970 C=0.00211348903984 solver=liblinear f1=0.417476187 std=0.059953565 elapsed=1769.0s
PROGRESS tested=440 errors=0 index=440/970 elapsed=1816.0s best=C=0.00211348903984 solver=liblinear f1=0.417476187
BEST index=442/970 C=0.00177827941004 solver=liblinear f1=0.417494918 std=0.060015018 elapsed=1817.8s
BEST index=450/970 C=0.00158489319246 solver=liblinear f1=0.417521003 std=0.060061794 elapsed=1847.2s
BEST index=454/970 C=0.00149623565609 solver=liblinear f1=0.417581944 std=0.060038092 elapsed=1860.9s
BEST index=458/970 C=0.00141253754462 solver=liblinear f1=0.417587912 std=0.060088089 elapsed=1874.3s
PROGRESS tested=460 errors=0 index=460/970 elapsed=1888.3s best=C=0.00141253754462 solver=liblinear f1=0.417587912
BEST index=462/970 C=0.00133352143216 solver=liblinear f1=0.417595591 std=0.060138529 elapsed=1890.4s
PROGRESS tested=480 errors=0 index=480/970 elapsed=1966.2s best=C=0.00133352143216 solver=liblinear f1=0.417595591
BEST index=490/970 C=0.000891250938134 solver=liblinear f1=0.417661196 std=0.060148625 elapsed=1996.5s
BEST index=492/970 C=0.000841395141645 solver=liblinear f1=0.417685805 std=0.060231751 elapsed=2002.1s
PROGRESS tested=500 errors=0 index=500/970 elapsed=2036.1s best=C=0.000841395141645 solver=liblinear f1=0.417685805
BEST index=506/970 C=0.000707945784384 solver=liblinear f1=0.417717454 std=0.060512047 elapsed=2051.3s
BEST index=510/970 C=0.000668343917569 solver=liblinear f1=0.417735672 std=0.060538623 elapsed=2064.6s
BEST index=513/970 C=0.00063095734448 solver=lbfgs f1=0.417754929 std=0.060598491 elapsed=2076.4s
BEST index=514/970 C=0.00063095734448 solver=liblinear f1=0.417830021 std=0.060578092 elapsed=2078.0s
BEST index=518/970 C=0.000595662143529 solver=liblinear f1=0.417932484 std=0.060655062 elapsed=2091.0s
PROGRESS tested=520 errors=0 index=520/970 elapsed=2102.5s best=C=0.000595662143529 solver=liblinear f1=0.417932484
BEST index=528/970 C=0.000501187233627 solver=liblinear f1=0.417973806 std=0.060796458 elapsed=2122.4s
BEST index=536/970 C=0.000446683592151 solver=liblinear f1=0.418065752 std=0.060756902 elapsed=2149.7s
BEST index=540/970 C=0.000421696503429 solver=liblinear f1=0.418123217 std=0.060833515 elapsed=2162.2s
PROGRESS tested=540 errors=0 index=540/970 elapsed=2165.7s best=C=0.000421696503429 solver=liblinear f1=0.418123217
BEST index=546/970 C=0.000398107170553 solver=liblinear f1=0.418235256 std=0.060937542 elapsed=2182.7s
BEST index=555/970 C=0.000334965439158 solver=lbfgs f1=0.418242658 std=0.061066691 elapsed=2211.6s
BEST index=556/970 C=0.000334965439158 solver=liblinear f1=0.418337620 std=0.061038917 elapsed=2212.9s
BEST index=560/970 C=0.000316227766017 solver=liblinear f1=0.418346594 std=0.061202414 elapsed=2226.7s
PROGRESS tested=560 errors=0 index=560/970 elapsed=2230.7s best=C=0.000316227766017 solver=liblinear f1=0.418346594
BEST index=564/970 C=0.000298538261892 solver=liblinear f1=0.418440150 std=0.061245042 elapsed=2239.9s
BEST index=580/970 C=0.000237137370566 solver=liblinear f1=0.418532051 std=0.061445544 elapsed=2289.6s
PROGRESS tested=580 errors=0 index=580/970 elapsed=2293.0s best=C=0.000237137370566 solver=liblinear f1=0.418532051
BEST index=588/970 C=0.000211348903984 solver=liblinear f1=0.418602099 std=0.061671419 elapsed=2314.3s
BEST index=596/970 C=0.000188364908949 solver=liblinear f1=0.418666008 std=0.061817427 elapsed=2341.2s
PROGRESS tested=600 errors=0 index=600/970 elapsed=2361.5s best=C=0.000188364908949 solver=liblinear f1=0.418666008
BEST index=602/970 C=0.000177827941004 solver=liblinear f1=0.418735827 std=0.061802955 elapsed=2363.1s
BEST index=606/970 C=0.000167880401812 solver=liblinear f1=0.418776877 std=0.061803755 elapsed=2380.6s
BEST index=610/970 C=0.000158489319246 solver=liblinear f1=0.418791498 std=0.061962534 elapsed=2393.3s
BEST index=614/970 C=0.000149623565609 solver=liblinear f1=0.419060765 std=0.061875747 elapsed=2405.5s
BEST index=618/970 C=0.000141253754462 solver=liblinear f1=0.419335205 std=0.061891173 elapsed=2418.0s
PROGRESS tested=620 errors=0 index=620/970 elapsed=2430.2s best=C=0.000141253754462 solver=liblinear f1=0.419335205
BEST index=628/970 C=0.000118850222744 solver=liblinear f1=0.419386293 std=0.061853708 elapsed=2448.3s
BEST index=634/970 C=0.00011220184543 solver=liblinear f1=0.419622031 std=0.061920088 elapsed=2467.9s
BEST index=640/970 C=0.0001 solver=liblinear f1=0.419879629 std=0.061970723 elapsed=2484.5s
PROGRESS tested=640 errors=0 index=640/970 elapsed=2487.6s best=C=0.0001 solver=liblinear f1=0.419879629
BEST index=644/970 C=9.44060876286e-05 solver=liblinear f1=0.420090566 std=0.061922015 elapsed=2496.8s
BEST index=650/970 C=8.91250938134e-05 solver=liblinear f1=0.420117081 std=0.062150757 elapsed=2516.8s
BEST index=652/970 C=8.41395141645e-05 solver=liblinear f1=0.420170433 std=0.062241263 elapsed=2521.7s
BEST index=658/970 C=7.94328234724e-05 solver=liblinear f1=0.420286971 std=0.062077699 elapsed=2542.4s
PROGRESS tested=660 errors=0 index=660/970 elapsed=2553.3s best=C=7.94328234724e-05 solver=liblinear f1=0.420286971
BEST index=662/970 C=7.49894209332e-05 solver=liblinear f1=0.420465419 std=0.062096188 elapsed=2554.5s
BEST index=666/970 C=7.07945784384e-05 solver=liblinear f1=0.420763958 std=0.062326463 elapsed=2566.7s
BEST index=674/970 C=6.3095734448e-05 solver=liblinear f1=0.420970960 std=0.062495151 elapsed=2590.8s
BEST index=678/970 C=5.95662143529e-05 solver=liblinear f1=0.421025033 std=0.062703903 elapsed=2602.4s
PROGRESS tested=680 errors=0 index=680/970 elapsed=2613.1s best=C=5.95662143529e-05 solver=liblinear f1=0.421025033
BEST index=682/970 C=5.6234132519e-05 solver=liblinear f1=0.421276041 std=0.062683109 elapsed=2614.3s
BEST index=684/970 C=5.30884444231e-05 solver=liblinear f1=0.421520122 std=0.062648694 elapsed=2619.5s
BEST index=688/970 C=5.01187233627e-05 solver=liblinear f1=0.421627065 std=0.062583302 elapsed=2631.8s
BEST index=692/970 C=4.73151258961e-05 solver=liblinear f1=0.421782929 std=0.062742212 elapsed=2643.4s
BEST index=696/970 C=4.46683592151e-05 solver=liblinear f1=0.421875471 std=0.062809918 elapsed=2655.2s
BEST index=700/970 C=4.21696503429e-05 solver=liblinear f1=0.422103550 std=0.062818110 elapsed=2666.9s
PROGRESS tested=700 errors=0 index=700/970 elapsed=2669.5s best=C=4.21696503429e-05 solver=liblinear f1=0.422103550
BEST index=710/970 C=3.75837404288e-05 solver=liblinear f1=0.422166658 std=0.062661438 elapsed=2697.9s
BEST index=714/970 C=3.54813389234e-05 solver=liblinear f1=0.422337891 std=0.062887664 elapsed=2709.7s
BEST index=716/970 C=3.34965439158e-05 solver=liblinear f1=0.422426732 std=0.062817704 elapsed=2713.9s
BEST index=720/970 C=3.16227766017e-05 solver=liblinear f1=0.422563191 std=0.062803147 elapsed=2726.8s
PROGRESS tested=720 errors=0 index=720/970 elapsed=2729.3s best=C=3.16227766017e-05 solver=liblinear f1=0.422563191
BEST index=724/970 C=2.98538261892e-05 solver=liblinear f1=0.422697537 std=0.062708656 elapsed=2738.4s
BEST index=730/970 C=2.81838293126e-05 solver=liblinear f1=0.422835551 std=0.062550583 elapsed=2757.2s
BEST index=734/970 C=2.6607250598e-05 solver=liblinear f1=0.422974302 std=0.062570479 elapsed=2768.7s
BEST index=738/970 C=2.51188643151e-05 solver=liblinear f1=0.423052327 std=0.062515343 elapsed=2780.0s
BEST index=740/970 C=2.37137370566e-05 solver=liblinear f1=0.423380329 std=0.062486143 elapsed=2783.6s
PROGRESS tested=740 errors=0 index=740/970 elapsed=2785.9s best=C=2.37137370566e-05 solver=liblinear f1=0.423380329
BEST index=744/970 C=2.23872113857e-05 solver=liblinear f1=0.423574539 std=0.062479119 elapsed=2794.9s
BEST index=748/970 C=2.11348903984e-05 solver=liblinear f1=0.423851452 std=0.062417599 elapsed=2806.2s
BEST index=752/970 C=1.99526231497e-05 solver=liblinear f1=0.424051902 std=0.062340202 elapsed=2818.8s
BEST index=756/970 C=1.88364908949e-05 solver=liblinear f1=0.424328931 std=0.062318102 elapsed=2830.5s
PROGRESS tested=760 errors=0 index=760/970 elapsed=2848.1s best=C=1.88364908949e-05 solver=liblinear f1=0.424328931
BEST index=762/970 C=1.77827941004e-05 solver=liblinear f1=0.424567294 std=0.062304059 elapsed=2849.2s
BEST index=766/970 C=1.67880401812e-05 solver=liblinear f1=0.424915853 std=0.062229230 elapsed=2860.5s
BEST index=770/970 C=1.58489319246e-05 solver=liblinear f1=0.424968930 std=0.062245020 elapsed=2871.9s
BEST index=774/970 C=1.49623565609e-05 solver=liblinear f1=0.425095686 std=0.062286117 elapsed=2883.0s
BEST index=778/970 C=1.41253754462e-05 solver=liblinear f1=0.425478889 std=0.062182172 elapsed=2894.2s
PROGRESS tested=780 errors=0 index=780/970 elapsed=2904.2s best=C=1.41253754462e-05 solver=liblinear f1=0.425478889
BEST index=782/970 C=1.33352143216e-05 solver=liblinear f1=0.425702966 std=0.061950822 elapsed=2905.2s
BEST index=786/970 C=1.25892541179e-05 solver=liblinear f1=0.425970066 std=0.061880684 elapsed=2917.5s
BEST index=788/970 C=1.18850222744e-05 solver=liblinear f1=0.425970207 std=0.061823783 elapsed=2920.9s
BEST index=794/970 C=1.1220184543e-05 solver=liblinear f1=0.426162096 std=0.061765089 elapsed=2939.6s
BEST index=796/970 C=1.05925372518e-05 solver=liblinear f1=0.426349411 std=0.061780728 elapsed=2942.7s
BEST index=800/970 C=1e-05 solver=liblinear f1=0.426408448 std=0.061710736 elapsed=2954.2s
PROGRESS tested=800 errors=0 index=800/970 elapsed=2956.3s best=C=1e-05 solver=liblinear f1=0.426408448
BEST index=804/970 C=9.44060876286e-06 solver=liblinear f1=0.426498548 std=0.061656411 elapsed=2965.5s
BEST index=810/970 C=8.91250938134e-06 solver=liblinear f1=0.426743708 std=0.061376599 elapsed=2987.5s
BEST index=812/970 C=8.41395141645e-06 solver=liblinear f1=0.426942321 std=0.061246934 elapsed=2991.3s
BEST index=818/970 C=7.94328234724e-06 solver=liblinear f1=0.427171106 std=0.060986959 elapsed=3014.0s
PROGRESS tested=820 errors=0 index=820/970 elapsed=3025.6s best=C=7.94328234724e-06 solver=liblinear f1=0.427171106
BEST index=822/970 C=7.49894209332e-06 solver=liblinear f1=0.427413382 std=0.060613376 elapsed=3026.9s
BEST index=826/970 C=7.07945784384e-06 solver=liblinear f1=0.427609391 std=0.060475505 elapsed=3039.7s
BEST index=830/970 C=6.68343917569e-06 solver=liblinear f1=0.427761361 std=0.060348622 elapsed=3052.5s
BEST index=834/970 C=6.3095734448e-06 solver=liblinear f1=0.427852435 std=0.060305529 elapsed=3065.3s
BEST index=838/970 C=5.95662143529e-06 solver=liblinear f1=0.428117841 std=0.060097666 elapsed=3078.1s
PROGRESS tested=840 errors=0 index=840/970 elapsed=3089.8s best=C=5.95662143529e-06 solver=liblinear f1=0.428117841
BEST index=842/970 C=5.6234132519e-06 solver=liblinear f1=0.428277553 std=0.059859134 elapsed=3091.1s
BEST index=844/970 C=5.30884444231e-06 solver=liblinear f1=0.428496687 std=0.059862379 elapsed=3094.6s
BEST index=848/970 C=5.01187233627e-06 solver=liblinear f1=0.428671299 std=0.059741466 elapsed=3108.2s
BEST index=852/970 C=4.73151258961e-06 solver=liblinear f1=0.428793546 std=0.059619990 elapsed=3121.2s
BEST index=856/970 C=4.46683592151e-06 solver=liblinear f1=0.429008038 std=0.059444922 elapsed=3134.1s
BEST index=860/970 C=4.21696503429e-06 solver=liblinear f1=0.429109001 std=0.059425155 elapsed=3146.8s
PROGRESS tested=860 errors=0 index=860/970 elapsed=3148.9s best=C=4.21696503429e-06 solver=liblinear f1=0.429109001
BEST index=866/970 C=3.98107170553e-06 solver=liblinear f1=0.429188182 std=0.059201861 elapsed=3168.9s
BEST index=870/970 C=3.75837404288e-06 solver=liblinear f1=0.429335855 std=0.059153232 elapsed=3181.6s
BEST index=874/970 C=3.54813389234e-06 solver=liblinear f1=0.429567021 std=0.058889092 elapsed=3194.4s
BEST index=876/970 C=3.34965439158e-06 solver=liblinear f1=0.429701451 std=0.058831630 elapsed=3197.9s
BEST index=880/970 C=3.16227766017e-06 solver=liblinear f1=0.429977822 std=0.058645909 elapsed=3210.7s
PROGRESS tested=880 errors=0 index=880/970 elapsed=3212.8s best=C=3.16227766017e-06 solver=liblinear f1=0.429977822
BEST index=884/970 C=2.98538261892e-06 solver=liblinear f1=0.430065208 std=0.058565085 elapsed=3223.3s
BEST index=890/970 C=2.81838293126e-06 solver=liblinear f1=0.430204718 std=0.058544239 elapsed=3245.7s
BEST index=894/970 C=2.6607250598e-06 solver=liblinear f1=0.430333576 std=0.058481727 elapsed=3258.3s
BEST index=898/970 C=2.51188643151e-06 solver=liblinear f1=0.430342564 std=0.058437086 elapsed=3270.8s
BEST index=900/970 C=2.37137370566e-06 solver=liblinear f1=0.430534138 std=0.058283231 elapsed=3274.0s
PROGRESS tested=900 errors=0 index=900/970 elapsed=3276.0s best=C=2.37137370566e-06 solver=liblinear f1=0.430534138
BEST index=904/970 C=2.23872113857e-06 solver=liblinear f1=0.430671195 std=0.058186875 elapsed=3286.4s
BEST index=908/970 C=2.11348903984e-06 solver=liblinear f1=0.430823054 std=0.057988987 elapsed=3298.7s
DONE run_id=LR_SEARCH_20260703_145526 tested=908 errors=0 best_C=2.11348903984e-06 best_solver=liblinear best_f1=0.430823054
