2026-07-08T08:33:28 | START coordinate RF search | dataset=7e88c028946b | train_rows=466973 | seed={'params': {'n_estimators': 100, 'max_depth': 6, 'min_samples_leaf': 40, 'max_features': 0.6}, 'run_id': None, 'f1_up_mean': -1.0, 'f1_up_std': None, 'source': 'seed'}
2026-07-08T08:35:30 | TRAIN seed f1=0.540536115 params={'n_estimators': 100, 'max_depth': 6, 'min_samples_leaf': 40, 'max_features': 0.6}
2026-07-08T08:35:30 | BEST seed f1=0.540536115 params={'n_estimators': 100, 'max_depth': 6, 'min_samples_leaf': 40, 'max_features': 0.6}
2026-07-08T08:36:58 | TRAIN max_features f1=0.541757312 params={'n_estimators': 100, 'max_depth': 6, 'min_samples_leaf': 40, 'max_features': 0.4}
2026-07-08T08:36:58 | BEST max_features f1=0.541757312 params={'n_estimators': 100, 'max_depth': 6, 'min_samples_leaf': 40, 'max_features': 0.4}
2026-07-08T08:36:58 | REUSE max_features f1=0.540536115 params={'n_estimators': 100, 'max_depth': 6, 'min_samples_leaf': 40, 'max_features': 0.6}
2026-07-08T08:39:21 | TRAIN max_features f1=0.541389405 params={'n_estimators': 100, 'max_depth': 6, 'min_samples_leaf': 40, 'max_features': 0.7}
2026-07-08T08:40:16 | TRAIN max_features f1=0.541664143 params={'n_estimators': 100, 'max_depth': 6, 'min_samples_leaf': 40, 'max_features': 'sqrt'}
2026-07-08T08:40:16 | REUSE max_depth f1=0.541757312 params={'n_estimators': 100, 'max_depth': 6, 'min_samples_leaf': 40, 'max_features': 0.4}
2026-07-08T08:42:05 | TRAIN max_depth f1=0.531301311 params={'n_estimators': 100, 'max_depth': 8, 'min_samples_leaf': 40, 'max_features': 0.4}
2026-07-08T08:44:21 | TRAIN max_depth f1=0.521348203 params={'n_estimators': 100, 'max_depth': 10, 'min_samples_leaf': 40, 'max_features': 0.4}
2026-07-08T08:44:21 | REUSE min_samples_leaf f1=0.541757312 params={'n_estimators': 100, 'max_depth': 6, 'min_samples_leaf': 40, 'max_features': 0.4}
2026-07-08T08:45:53 | TRAIN min_samples_leaf f1=0.539376506 params={'n_estimators': 100, 'max_depth': 6, 'min_samples_leaf': 65, 'max_features': 0.4}
2026-07-08T08:47:19 | TRAIN min_samples_leaf f1=0.539627106 params={'n_estimators': 100, 'max_depth': 6, 'min_samples_leaf': 80, 'max_features': 0.4}
2026-07-08T08:48:49 | TRAIN min_samples_leaf f1=0.540231018 params={'n_estimators': 100, 'max_depth': 6, 'min_samples_leaf': 100, 'max_features': 0.4}
2026-07-08T08:50:02 | TRAIN n_estimators f1=0.542024243 params={'n_estimators': 80, 'max_depth': 6, 'min_samples_leaf': 40, 'max_features': 0.4}
2026-07-08T08:50:02 | BEST n_estimators f1=0.542024243 params={'n_estimators': 80, 'max_depth': 6, 'min_samples_leaf': 40, 'max_features': 0.4}
2026-07-08T08:51:42 | TRAIN n_estimators f1=0.541954994 params={'n_estimators': 120, 'max_depth': 6, 'min_samples_leaf': 40, 'max_features': 0.4}
2026-07-08T08:54:20 | TRAIN n_estimators f1=0.541940341 params={'n_estimators': 200, 'max_depth': 6, 'min_samples_leaf': 40, 'max_features': 0.4}
2026-07-08T08:54:20 | DONE completed_new_runs=12 reused=3 elapsed=1252.3s best={'params': {'n_estimators': 80, 'max_depth': 6, 'min_samples_leaf': 40, 'max_features': 0.4}, 'run_id': 'RF_20260708_084850', 'f1_up_mean': 0.5420242429633348, 'f1_up_std': 0.0192679282990801, 'source': 'new'}
