2026-07-08T09:54:44 | START 2h RF refine | budget=7200s | dataset=7e88c028946b | train_rows=466973 | seed={'params': {'n_estimators': 80, 'max_depth': 6, 'min_samples_leaf': 40, 'max_features': 0.3}, 'run_id': 'RF_20260708_090616', 'f1_up_mean': 0.5421207797383871, 'f1_up_std': 0.016708078105593323, 'source': 'history'}
2026-07-08T09:55:32 | TRAIN max_features-wide f1=0.541330741 params={'n_estimators': 80, 'max_depth': 6, 'min_samples_leaf': 40, 'max_features': 0.2}
2026-07-08T09:56:16 | TRAIN max_features-wide f1=0.541330741 params={'n_estimators': 80, 'max_depth': 6, 'min_samples_leaf': 40, 'max_features': 0.205}
2026-07-08T09:57:00 | TRAIN max_features-wide f1=0.541330741 params={'n_estimators': 80, 'max_depth': 6, 'min_samples_leaf': 40, 'max_features': 0.21}
2026-07-08T09:57:42 | TRAIN max_features-wide f1=0.541330741 params={'n_estimators': 80, 'max_depth': 6, 'min_samples_leaf': 40, 'max_features': 0.215}
2026-07-08T09:58:25 | TRAIN max_features-wide f1=0.541330741 params={'n_estimators': 80, 'max_depth': 6, 'min_samples_leaf': 40, 'max_features': 0.22}
2026-07-08T09:59:14 | TRAIN max_features-wide f1=0.541330741 params={'n_estimators': 80, 'max_depth': 6, 'min_samples_leaf': 40, 'max_features': 0.225}
2026-07-08T09:59:58 | TRAIN max_features-wide f1=0.541330741 params={'n_estimators': 80, 'max_depth': 6, 'min_samples_leaf': 40, 'max_features': 0.23}
2026-07-08T10:00:43 | TRAIN max_features-wide f1=0.541330741 params={'n_estimators': 80, 'max_depth': 6, 'min_samples_leaf': 40, 'max_features': 0.235}
2026-07-08T10:01:24 | TRAIN max_features-wide f1=0.541330741 params={'n_estimators': 80, 'max_depth': 6, 'min_samples_leaf': 40, 'max_features': 0.24}
2026-07-08T10:02:08 | TRAIN max_features-wide f1=0.541330741 params={'n_estimators': 80, 'max_depth': 6, 'min_samples_leaf': 40, 'max_features': 0.245}
2026-07-08T10:02:08 | REUSE max_features-wide f1=0.541084765 params={'n_estimators': 80, 'max_depth': 6, 'min_samples_leaf': 40, 'max_features': 0.25}
2026-07-08T10:02:57 | TRAIN max_features-wide f1=0.541084765 params={'n_estimators': 80, 'max_depth': 6, 'min_samples_leaf': 40, 'max_features': 0.255}
2026-07-08T10:03:43 | TRAIN max_features-wide f1=0.541084765 params={'n_estimators': 80, 'max_depth': 6, 'min_samples_leaf': 40, 'max_features': 0.26}
2026-07-08T10:04:31 | TRAIN max_features-wide f1=0.541084765 params={'n_estimators': 80, 'max_depth': 6, 'min_samples_leaf': 40, 'max_features': 0.265}
2026-07-08T10:05:21 | TRAIN max_features-wide f1=0.541084765 params={'n_estimators': 80, 'max_depth': 6, 'min_samples_leaf': 40, 'max_features': 0.27}
2026-07-08T10:06:09 | TRAIN max_features-wide f1=0.541084765 params={'n_estimators': 80, 'max_depth': 6, 'min_samples_leaf': 40, 'max_features': 0.275}
2026-07-08T10:06:57 | TRAIN max_features-wide f1=0.541084765 params={'n_estimators': 80, 'max_depth': 6, 'min_samples_leaf': 40, 'max_features': 0.28}
2026-07-08T10:07:50 | TRAIN max_features-wide f1=0.541084765 params={'n_estimators': 80, 'max_depth': 6, 'min_samples_leaf': 40, 'max_features': 0.285}
2026-07-08T10:08:40 | TRAIN max_features-wide f1=0.541084765 params={'n_estimators': 80, 'max_depth': 6, 'min_samples_leaf': 40, 'max_features': 0.29}
2026-07-08T10:09:28 | TRAIN max_features-wide f1=0.541084765 params={'n_estimators': 80, 'max_depth': 6, 'min_samples_leaf': 40, 'max_features': 0.295}
2026-07-08T10:09:28 | REUSE max_features-wide f1=0.542120780 params={'n_estimators': 80, 'max_depth': 6, 'min_samples_leaf': 40, 'max_features': 0.3}
2026-07-08T10:10:22 | TRAIN max_features-wide f1=0.542120780 params={'n_estimators': 80, 'max_depth': 6, 'min_samples_leaf': 40, 'max_features': 0.305}
2026-07-08T10:11:16 | TRAIN max_features-wide f1=0.542120780 params={'n_estimators': 80, 'max_depth': 6, 'min_samples_leaf': 40, 'max_features': 0.31}
2026-07-08T10:12:10 | TRAIN max_features-wide f1=0.542120780 params={'n_estimators': 80, 'max_depth': 6, 'min_samples_leaf': 40, 'max_features': 0.315}
2026-07-08T10:12:10 | REUSE max_features-wide f1=0.542120780 params={'n_estimators': 80, 'max_depth': 6, 'min_samples_leaf': 40, 'max_features': 0.32}
2026-07-08T10:13:06 | TRAIN max_features-wide f1=0.542120780 params={'n_estimators': 80, 'max_depth': 6, 'min_samples_leaf': 40, 'max_features': 0.325}
2026-07-08T10:14:00 | TRAIN max_features-wide f1=0.542120780 params={'n_estimators': 80, 'max_depth': 6, 'min_samples_leaf': 40, 'max_features': 0.33}
2026-07-08T10:14:53 | TRAIN max_features-wide f1=0.542120780 params={'n_estimators': 80, 'max_depth': 6, 'min_samples_leaf': 40, 'max_features': 0.335}
2026-07-08T10:15:46 | TRAIN max_features-wide f1=0.542120780 params={'n_estimators': 80, 'max_depth': 6, 'min_samples_leaf': 40, 'max_features': 0.34}
2026-07-08T10:16:43 | TRAIN max_features-wide f1=0.542120780 params={'n_estimators': 80, 'max_depth': 6, 'min_samples_leaf': 40, 'max_features': 0.345}
2026-07-08T10:16:43 | REUSE max_features-wide f1=0.540403179 params={'n_estimators': 80, 'max_depth': 6, 'min_samples_leaf': 40, 'max_features': 0.35}
2026-07-08T10:17:43 | TRAIN max_features-wide f1=0.540403179 params={'n_estimators': 80, 'max_depth': 6, 'min_samples_leaf': 40, 'max_features': 0.355}
2026-07-08T10:17:43 | REUSE max_features-wide f1=0.540403179 params={'n_estimators': 80, 'max_depth': 6, 'min_samples_leaf': 40, 'max_features': 0.36}
2026-07-08T10:18:45 | TRAIN max_features-wide f1=0.540403179 params={'n_estimators': 80, 'max_depth': 6, 'min_samples_leaf': 40, 'max_features': 0.365}
2026-07-08T10:19:45 | TRAIN max_features-wide f1=0.540403179 params={'n_estimators': 80, 'max_depth': 6, 'min_samples_leaf': 40, 'max_features': 0.37}
2026-07-08T10:20:46 | TRAIN max_features-wide f1=0.540403179 params={'n_estimators': 80, 'max_depth': 6, 'min_samples_leaf': 40, 'max_features': 0.375}
2026-07-08T10:20:46 | REUSE max_features-wide f1=0.540403179 params={'n_estimators': 80, 'max_depth': 6, 'min_samples_leaf': 40, 'max_features': 0.38}
2026-07-08T10:21:47 | TRAIN max_features-wide f1=0.540403179 params={'n_estimators': 80, 'max_depth': 6, 'min_samples_leaf': 40, 'max_features': 0.385}
2026-07-08T10:22:49 | TRAIN max_features-wide f1=0.540403179 params={'n_estimators': 80, 'max_depth': 6, 'min_samples_leaf': 40, 'max_features': 0.39}
2026-07-08T10:23:48 | TRAIN max_features-wide f1=0.540403179 params={'n_estimators': 80, 'max_depth': 6, 'min_samples_leaf': 40, 'max_features': 0.395}
2026-07-08T10:23:48 | REUSE max_features-wide f1=0.542024243 params={'n_estimators': 80, 'max_depth': 6, 'min_samples_leaf': 40, 'max_features': 0.4}
2026-07-08T10:24:55 | TRAIN max_features-wide f1=0.542024243 params={'n_estimators': 80, 'max_depth': 6, 'min_samples_leaf': 40, 'max_features': 0.405}
2026-07-08T10:26:05 | TRAIN max_features-wide f1=0.542024243 params={'n_estimators': 80, 'max_depth': 6, 'min_samples_leaf': 40, 'max_features': 0.41}
2026-07-08T10:27:15 | TRAIN max_features-wide f1=0.542024243 params={'n_estimators': 80, 'max_depth': 6, 'min_samples_leaf': 40, 'max_features': 0.415}
2026-07-08T10:27:15 | REUSE max_features-wide f1=0.542024243 params={'n_estimators': 80, 'max_depth': 6, 'min_samples_leaf': 40, 'max_features': 0.42}
2026-07-08T10:28:25 | TRAIN max_features-wide f1=0.542024243 params={'n_estimators': 80, 'max_depth': 6, 'min_samples_leaf': 40, 'max_features': 0.425}
2026-07-08T10:29:35 | TRAIN max_features-wide f1=0.542024243 params={'n_estimators': 80, 'max_depth': 6, 'min_samples_leaf': 40, 'max_features': 0.43}
2026-07-08T10:30:45 | TRAIN max_features-wide f1=0.542024243 params={'n_estimators': 80, 'max_depth': 6, 'min_samples_leaf': 40, 'max_features': 0.435}
2026-07-08T10:31:55 | TRAIN max_features-wide f1=0.542024243 params={'n_estimators': 80, 'max_depth': 6, 'min_samples_leaf': 40, 'max_features': 0.44}
2026-07-08T10:33:07 | TRAIN max_features-wide f1=0.542024243 params={'n_estimators': 80, 'max_depth': 6, 'min_samples_leaf': 40, 'max_features': 0.445}
2026-07-08T10:33:07 | REUSE max_features-wide f1=0.539435717 params={'n_estimators': 80, 'max_depth': 6, 'min_samples_leaf': 40, 'max_features': 0.45}
2026-07-08T10:34:24 | TRAIN max_features-wide f1=0.539436831 params={'n_estimators': 80, 'max_depth': 6, 'min_samples_leaf': 40, 'max_features': 0.455}
2026-07-08T10:35:41 | TRAIN max_features-wide f1=0.539435717 params={'n_estimators': 80, 'max_depth': 6, 'min_samples_leaf': 40, 'max_features': 0.46}
2026-07-08T10:36:59 | TRAIN max_features-wide f1=0.539435717 params={'n_estimators': 80, 'max_depth': 6, 'min_samples_leaf': 40, 'max_features': 0.465}
2026-07-08T10:38:16 | TRAIN max_features-wide f1=0.539436831 params={'n_estimators': 80, 'max_depth': 6, 'min_samples_leaf': 40, 'max_features': 0.47}
2026-07-08T10:39:36 | TRAIN max_features-wide f1=0.539435717 params={'n_estimators': 80, 'max_depth': 6, 'min_samples_leaf': 40, 'max_features': 0.475}
2026-07-08T10:40:54 | TRAIN max_features-wide f1=0.539435717 params={'n_estimators': 80, 'max_depth': 6, 'min_samples_leaf': 40, 'max_features': 0.48}
2026-07-08T10:42:12 | TRAIN max_features-wide f1=0.539435717 params={'n_estimators': 80, 'max_depth': 6, 'min_samples_leaf': 40, 'max_features': 0.485}
2026-07-08T10:43:29 | TRAIN max_features-wide f1=0.539435717 params={'n_estimators': 80, 'max_depth': 6, 'min_samples_leaf': 40, 'max_features': 0.49}
2026-07-08T10:44:47 | TRAIN max_features-wide f1=0.539435717 params={'n_estimators': 80, 'max_depth': 6, 'min_samples_leaf': 40, 'max_features': 0.495}
2026-07-08T10:44:47 | REUSE max_features-wide f1=0.538821962 params={'n_estimators': 80, 'max_depth': 6, 'min_samples_leaf': 40, 'max_features': 0.5}
2026-07-08T10:45:44 | TRAIN min_samples_leaf-wide f1=0.541428087 params={'n_estimators': 80, 'max_depth': 6, 'min_samples_leaf': 15, 'max_features': 0.3}
2026-07-08T10:45:44 | REUSE min_samples_leaf-wide f1=0.540593068 params={'n_estimators': 80, 'max_depth': 6, 'min_samples_leaf': 20, 'max_features': 0.3}
2026-07-08T10:46:41 | TRAIN min_samples_leaf-wide f1=0.542143448 params={'n_estimators': 80, 'max_depth': 6, 'min_samples_leaf': 25, 'max_features': 0.3}
2026-07-08T10:46:41 | BEST min_samples_leaf-wide f1=0.542143448 params={'n_estimators': 80, 'max_depth': 6, 'min_samples_leaf': 25, 'max_features': 0.3}
2026-07-08T10:46:41 | REUSE min_samples_leaf-wide f1=0.541469353 params={'n_estimators': 80, 'max_depth': 6, 'min_samples_leaf': 30, 'max_features': 0.3}
2026-07-08T10:46:41 | REUSE min_samples_leaf-wide f1=0.540343799 params={'n_estimators': 80, 'max_depth': 6, 'min_samples_leaf': 35, 'max_features': 0.3}
2026-07-08T10:46:41 | REUSE min_samples_leaf-wide f1=0.542120780 params={'n_estimators': 80, 'max_depth': 6, 'min_samples_leaf': 40, 'max_features': 0.3}
2026-07-08T10:46:41 | REUSE min_samples_leaf-wide f1=0.541954039 params={'n_estimators': 80, 'max_depth': 6, 'min_samples_leaf': 45, 'max_features': 0.3}
2026-07-08T10:46:41 | REUSE min_samples_leaf-wide f1=0.541492303 params={'n_estimators': 80, 'max_depth': 6, 'min_samples_leaf': 50, 'max_features': 0.3}
2026-07-08T10:46:41 | REUSE min_samples_leaf-wide f1=0.541496118 params={'n_estimators': 80, 'max_depth': 6, 'min_samples_leaf': 55, 'max_features': 0.3}
2026-07-08T10:46:41 | REUSE min_samples_leaf-wide f1=0.541569414 params={'n_estimators': 80, 'max_depth': 6, 'min_samples_leaf': 60, 'max_features': 0.3}
2026-07-08T10:47:38 | TRAIN min_samples_leaf-wide f1=0.541166272 params={'n_estimators': 80, 'max_depth': 6, 'min_samples_leaf': 65, 'max_features': 0.3}
2026-07-08T10:48:35 | TRAIN min_samples_leaf-wide f1=0.540921864 params={'n_estimators': 80, 'max_depth': 6, 'min_samples_leaf': 70, 'max_features': 0.3}
2026-07-08T10:49:32 | TRAIN min_samples_leaf-wide f1=0.540955786 params={'n_estimators': 80, 'max_depth': 6, 'min_samples_leaf': 75, 'max_features': 0.3}
2026-07-08T10:50:29 | TRAIN min_samples_leaf-wide f1=0.541295390 params={'n_estimators': 80, 'max_depth': 6, 'min_samples_leaf': 80, 'max_features': 0.3}
2026-07-08T10:51:25 | TRAIN min_samples_leaf-wide f1=0.541876186 params={'n_estimators': 80, 'max_depth': 6, 'min_samples_leaf': 85, 'max_features': 0.3}
2026-07-08T10:52:23 | TRAIN min_samples_leaf-wide f1=0.541540062 params={'n_estimators': 80, 'max_depth': 6, 'min_samples_leaf': 90, 'max_features': 0.3}
2026-07-08T10:53:20 | TRAIN min_samples_leaf-wide f1=0.541415711 params={'n_estimators': 80, 'max_depth': 6, 'min_samples_leaf': 95, 'max_features': 0.3}
2026-07-08T10:54:17 | TRAIN min_samples_leaf-wide f1=0.540997343 params={'n_estimators': 80, 'max_depth': 6, 'min_samples_leaf': 100, 'max_features': 0.3}
2026-07-08T10:54:50 | TRAIN n_estimators-wide f1=0.540845464 params={'n_estimators': 40, 'max_depth': 6, 'min_samples_leaf': 25, 'max_features': 0.3}
2026-07-08T10:55:29 | TRAIN n_estimators-wide f1=0.540053707 params={'n_estimators': 50, 'max_depth': 6, 'min_samples_leaf': 25, 'max_features': 0.3}
2026-07-08T10:56:13 | TRAIN n_estimators-wide f1=0.541104849 params={'n_estimators': 60, 'max_depth': 6, 'min_samples_leaf': 25, 'max_features': 0.3}
2026-07-08T10:57:03 | TRAIN n_estimators-wide f1=0.542114836 params={'n_estimators': 70, 'max_depth': 6, 'min_samples_leaf': 25, 'max_features': 0.3}
2026-07-08T10:57:03 | REUSE n_estimators-wide f1=0.542143448 params={'n_estimators': 80, 'max_depth': 6, 'min_samples_leaf': 25, 'max_features': 0.3}
2026-07-08T10:58:08 | TRAIN n_estimators-wide f1=0.541743254 params={'n_estimators': 90, 'max_depth': 6, 'min_samples_leaf': 25, 'max_features': 0.3}
2026-07-08T10:59:19 | TRAIN n_estimators-wide f1=0.540949149 params={'n_estimators': 100, 'max_depth': 6, 'min_samples_leaf': 25, 'max_features': 0.3}
2026-07-08T11:00:36 | TRAIN n_estimators-wide f1=0.541202572 params={'n_estimators': 110, 'max_depth': 6, 'min_samples_leaf': 25, 'max_features': 0.3}
2026-07-08T11:01:59 | TRAIN n_estimators-wide f1=0.540472863 params={'n_estimators': 120, 'max_depth': 6, 'min_samples_leaf': 25, 'max_features': 0.3}
2026-07-08T11:03:28 | TRAIN n_estimators-wide f1=0.542324379 params={'n_estimators': 130, 'max_depth': 6, 'min_samples_leaf': 25, 'max_features': 0.3}
2026-07-08T11:03:28 | BEST n_estimators-wide f1=0.542324379 params={'n_estimators': 130, 'max_depth': 6, 'min_samples_leaf': 25, 'max_features': 0.3}
2026-07-08T11:05:05 | TRAIN n_estimators-wide f1=0.541488164 params={'n_estimators': 140, 'max_depth': 6, 'min_samples_leaf': 25, 'max_features': 0.3}
2026-07-08T11:06:48 | TRAIN n_estimators-wide f1=0.541178833 params={'n_estimators': 150, 'max_depth': 6, 'min_samples_leaf': 25, 'max_features': 0.3}
2026-07-08T11:08:37 | TRAIN n_estimators-wide f1=0.541678307 params={'n_estimators': 160, 'max_depth': 6, 'min_samples_leaf': 25, 'max_features': 0.3}
2026-07-08T11:10:31 | TRAIN n_estimators-wide f1=0.541471692 params={'n_estimators': 170, 'max_depth': 6, 'min_samples_leaf': 25, 'max_features': 0.3}
2026-07-08T11:12:32 | TRAIN n_estimators-wide f1=0.540862114 params={'n_estimators': 180, 'max_depth': 6, 'min_samples_leaf': 25, 'max_features': 0.3}
2026-07-08T11:14:40 | TRAIN n_estimators-wide f1=0.541864281 params={'n_estimators': 190, 'max_depth': 6, 'min_samples_leaf': 25, 'max_features': 0.3}
2026-07-08T11:16:55 | TRAIN n_estimators-wide f1=0.541419690 params={'n_estimators': 200, 'max_depth': 6, 'min_samples_leaf': 25, 'max_features': 0.3}
2026-07-08T11:19:16 | TRAIN n_estimators-wide f1=0.542089553 params={'n_estimators': 210, 'max_depth': 6, 'min_samples_leaf': 25, 'max_features': 0.3}
2026-07-08T11:21:44 | TRAIN n_estimators-wide f1=0.541627424 params={'n_estimators': 220, 'max_depth': 6, 'min_samples_leaf': 25, 'max_features': 0.3}
2026-07-08T11:24:17 | TRAIN n_estimators-wide f1=0.541928392 params={'n_estimators': 230, 'max_depth': 6, 'min_samples_leaf': 25, 'max_features': 0.3}
2026-07-08T11:26:59 | TRAIN n_estimators-wide f1=0.541304881 params={'n_estimators': 240, 'max_depth': 6, 'min_samples_leaf': 25, 'max_features': 0.3}
2026-07-08T11:29:47 | TRAIN n_estimators-wide f1=0.541742878 params={'n_estimators': 250, 'max_depth': 6, 'min_samples_leaf': 25, 'max_features': 0.3}
2026-07-08T11:32:40 | TRAIN n_estimators-wide f1=0.541257632 params={'n_estimators': 260, 'max_depth': 6, 'min_samples_leaf': 25, 'max_features': 0.3}
2026-07-08T11:33:36 | TRAIN max_depth-wide f1=0.541547721 params={'n_estimators': 130, 'max_depth': 3, 'min_samples_leaf': 25, 'max_features': 0.3}
2026-07-08T11:34:45 | TRAIN max_depth-wide f1=0.542306424 params={'n_estimators': 130, 'max_depth': 4, 'min_samples_leaf': 25, 'max_features': 0.3}
2026-07-08T11:36:14 | TRAIN max_depth-wide f1=0.541683820 params={'n_estimators': 130, 'max_depth': 5, 'min_samples_leaf': 25, 'max_features': 0.3}
2026-07-08T11:36:14 | REUSE max_depth-wide f1=0.542324379 params={'n_estimators': 130, 'max_depth': 6, 'min_samples_leaf': 25, 'max_features': 0.3}
2026-07-08T11:38:12 | TRAIN max_depth-wide f1=0.535517301 params={'n_estimators': 130, 'max_depth': 7, 'min_samples_leaf': 25, 'max_features': 0.3}
2026-07-08T11:40:14 | TRAIN max_depth-wide f1=0.532407366 params={'n_estimators': 130, 'max_depth': 8, 'min_samples_leaf': 25, 'max_features': 0.3}
2026-07-08T11:42:06 | TRAIN max_depth-wide f1=0.527576816 params={'n_estimators': 130, 'max_depth': 9, 'min_samples_leaf': 25, 'max_features': 0.3}
2026-07-08T11:44:18 | TRAIN max_depth-wide f1=0.522072063 params={'n_estimators': 130, 'max_depth': 10, 'min_samples_leaf': 25, 'max_features': 0.3}
2026-07-08T11:46:34 | TRAIN max_depth-wide f1=0.514965840 params={'n_estimators': 130, 'max_depth': 11, 'min_samples_leaf': 25, 'max_features': 0.3}
2026-07-08T11:49:00 | TRAIN max_depth-wide f1=0.507769932 params={'n_estimators': 130, 'max_depth': 12, 'min_samples_leaf': 25, 'max_features': 0.3}
2026-07-08T11:50:08 | TRAIN max_features-fine f1=0.540669067 params={'n_estimators': 130, 'max_depth': 6, 'min_samples_leaf': 25, 'max_features': 0.24}
2026-07-08T11:51:15 | TRAIN max_features-fine f1=0.540669067 params={'n_estimators': 130, 'max_depth': 6, 'min_samples_leaf': 25, 'max_features': 0.242}
2026-07-08T11:52:22 | TRAIN max_features-fine f1=0.540669067 params={'n_estimators': 130, 'max_depth': 6, 'min_samples_leaf': 25, 'max_features': 0.244}
2026-07-08T11:53:29 | TRAIN max_features-fine f1=0.540669067 params={'n_estimators': 130, 'max_depth': 6, 'min_samples_leaf': 25, 'max_features': 0.246}
2026-07-08T11:54:37 | TRAIN max_features-fine f1=0.540669067 params={'n_estimators': 130, 'max_depth': 6, 'min_samples_leaf': 25, 'max_features': 0.248}
2026-07-08T11:55:54 | TRAIN max_features-fine f1=0.540176938 params={'n_estimators': 130, 'max_depth': 6, 'min_samples_leaf': 25, 'max_features': 0.25}
2026-07-08T11:55:54 | DONE status=budget_reached completed_new_runs=98 reused=20 elapsed=7269.7s best={'params': {'n_estimators': 130, 'max_depth': 6, 'min_samples_leaf': 25, 'max_features': 0.3}, 'run_id': 'RF_20260708_110200', 'f1_up_mean': 0.5423243791435658, 'f1_up_std': 0.017029960042194807, 'source': 'new'}
