Skipping 186 already-tested configs from previous run.
START_V2 20260704_134926 | budget=3600s | dataset=4c2259e97b3f | train_rows=466973 | candidates_remaining=5358
BEST index=1/5358 params={'n_estimators': 80, 'max_depth': 6, 'min_samples_leaf': 65, 'max_features': 0.6} f1=0.450924 std=0.045719 elapsed=64.1s
BEST index=2/5358 params={'n_estimators': 80, 'max_depth': 6, 'min_samples_leaf': 65, 'max_features': 0.4} f1=0.452783 std=0.046377 elapsed=110.8s
PROGRESS tested=5 errors=0 index=5/5358 elapsed=245.2s best_f1=0.452783
PROGRESS tested=10 errors=0 index=10/5358 elapsed=485.6s best_f1=0.452783
BEST index=11/5358 params={'n_estimators': 80, 'max_depth': 6, 'min_samples_leaf': 65, 'max_features': 0.5} f1=0.453827 std=0.045531 elapsed=543.5s
PROGRESS tested=15 errors=0 index=15/5358 elapsed=716.6s best_f1=0.453827
PROGRESS tested=20 errors=0 index=20/5358 elapsed=1046.9s best_f1=0.453827
PROGRESS tested=25 errors=0 index=25/5358 elapsed=1488.5s best_f1=0.453827
PROGRESS tested=30 errors=0 index=30/5358 elapsed=1925.6s best_f1=0.453827
PROGRESS tested=35 errors=0 index=35/5358 elapsed=2246.1s best_f1=0.453827
PROGRESS tested=40 errors=0 index=40/5358 elapsed=2586.8s best_f1=0.453827
PROGRESS tested=45 errors=0 index=45/5358 elapsed=2880.7s best_f1=0.453827
PROGRESS tested=50 errors=0 index=50/5358 elapsed=3147.8s best_f1=0.453827
BEST index=51/5358 params={'n_estimators': 80, 'max_depth': 8, 'min_samples_leaf': 80, 'max_features': 0.5} f1=0.454193 std=0.041006 elapsed=3233.7s
PROGRESS tested=55 errors=0 index=55/5358 elapsed=3441.6s best_f1=0.454193
BEST index=58/5358 params={'n_estimators': 80, 'max_depth': 8, 'min_samples_leaf': 80, 'max_features': 0.6} f1=0.454957 std=0.039625 elapsed=3611.1s
STOP budget reached before candidate 59/5358 | elapsed=3611.1s
DONE_V2 completed=58 errors=0 elapsed=3611.1s best={'params': {'n_estimators': 80, 'max_depth': 8, 'min_samples_leaf': 80, 'max_features': 0.6}, 'f1_up_mean': 0.45495681000993937, 'f1_up_std': 0.03962521415032872, 'precision_up_mean': 0.4264427116224726, 'recall_up_mean': 0.49450580523902127, 'seconds': 110.45}
