2026-07-08T09:05:28 | START 1h RF refine | budget=3600s | dataset=7e88c028946b | train_rows=466973 | seed={'params': {'n_estimators': 80, 'max_depth': 6, 'min_samples_leaf': 40, 'max_features': 0.4}, 'run_id': 'RF_20260708_084850', 'f1_up_mean': 0.5420242429633348, 'f1_up_std': 0.0192679282990801, 'source': 'history'}
2026-07-08T09:06:15 | TRAIN max_features-fine f1=0.541084765 params={'n_estimators': 80, 'max_depth': 6, 'min_samples_leaf': 40, 'max_features': 0.25}
2026-07-08T09:07:09 | TRAIN max_features-fine f1=0.542120780 params={'n_estimators': 80, 'max_depth': 6, 'min_samples_leaf': 40, 'max_features': 0.3}
2026-07-08T09:07:09 | BEST max_features-fine f1=0.542120780 params={'n_estimators': 80, 'max_depth': 6, 'min_samples_leaf': 40, 'max_features': 0.3}
2026-07-08T09:08:10 | TRAIN max_features-fine f1=0.540403179 params={'n_estimators': 80, 'max_depth': 6, 'min_samples_leaf': 40, 'max_features': 0.35}
2026-07-08T09:08:10 | REUSE max_features-fine f1=0.542024243 params={'n_estimators': 80, 'max_depth': 6, 'min_samples_leaf': 40, 'max_features': 0.4}
2026-07-08T09:09:23 | TRAIN max_features-fine f1=0.539435717 params={'n_estimators': 80, 'max_depth': 6, 'min_samples_leaf': 40, 'max_features': 0.45}
2026-07-08T09:10:43 | TRAIN max_features-fine f1=0.538821962 params={'n_estimators': 80, 'max_depth': 6, 'min_samples_leaf': 40, 'max_features': 0.5}
2026-07-08T09:11:24 | TRAIN max_depth-fine f1=0.541353723 params={'n_estimators': 80, 'max_depth': 4, 'min_samples_leaf': 40, 'max_features': 0.3}
2026-07-08T09:12:12 | TRAIN max_depth-fine f1=0.541586042 params={'n_estimators': 80, 'max_depth': 5, 'min_samples_leaf': 40, 'max_features': 0.3}
2026-07-08T09:12:12 | REUSE max_depth-fine f1=0.542120780 params={'n_estimators': 80, 'max_depth': 6, 'min_samples_leaf': 40, 'max_features': 0.3}
2026-07-08T09:13:13 | TRAIN max_depth-fine f1=0.537786219 params={'n_estimators': 80, 'max_depth': 7, 'min_samples_leaf': 40, 'max_features': 0.3}
2026-07-08T09:14:08 | TRAIN min_samples_leaf-fine f1=0.540593068 params={'n_estimators': 80, 'max_depth': 6, 'min_samples_leaf': 20, 'max_features': 0.3}
2026-07-08T09:15:02 | TRAIN min_samples_leaf-fine f1=0.541469353 params={'n_estimators': 80, 'max_depth': 6, 'min_samples_leaf': 30, 'max_features': 0.3}
2026-07-08T09:15:02 | REUSE min_samples_leaf-fine f1=0.542120780 params={'n_estimators': 80, 'max_depth': 6, 'min_samples_leaf': 40, 'max_features': 0.3}
2026-07-08T09:15:56 | TRAIN min_samples_leaf-fine f1=0.541492303 params={'n_estimators': 80, 'max_depth': 6, 'min_samples_leaf': 50, 'max_features': 0.3}
2026-07-08T09:16:49 | TRAIN min_samples_leaf-fine f1=0.541569414 params={'n_estimators': 80, 'max_depth': 6, 'min_samples_leaf': 60, 'max_features': 0.3}
2026-07-08T09:17:30 | TRAIN n_estimators-fine f1=0.541657855 params={'n_estimators': 60, 'max_depth': 6, 'min_samples_leaf': 40, 'max_features': 0.3}
2026-07-08T09:17:30 | REUSE n_estimators-fine f1=0.542120780 params={'n_estimators': 80, 'max_depth': 6, 'min_samples_leaf': 40, 'max_features': 0.3}
2026-07-08T09:18:36 | TRAIN n_estimators-fine f1=0.540916341 params={'n_estimators': 100, 'max_depth': 6, 'min_samples_leaf': 40, 'max_features': 0.3}
2026-07-08T09:19:53 | TRAIN n_estimators-fine f1=0.541547253 params={'n_estimators': 120, 'max_depth': 6, 'min_samples_leaf': 40, 'max_features': 0.3}
2026-07-08T09:21:34 | TRAIN n_estimators-fine f1=0.540709224 params={'n_estimators': 160, 'max_depth': 6, 'min_samples_leaf': 40, 'max_features': 0.3}
2026-07-08T09:22:28 | TRAIN max_features-second f1=0.542120780 params={'n_estimators': 80, 'max_depth': 6, 'min_samples_leaf': 40, 'max_features': 0.32}
2026-07-08T09:23:29 | TRAIN max_features-second f1=0.540403179 params={'n_estimators': 80, 'max_depth': 6, 'min_samples_leaf': 40, 'max_features': 0.36}
2026-07-08T09:24:29 | TRAIN max_features-second f1=0.540403179 params={'n_estimators': 80, 'max_depth': 6, 'min_samples_leaf': 40, 'max_features': 0.38}
2026-07-08T09:25:35 | TRAIN max_features-second f1=0.542024243 params={'n_estimators': 80, 'max_depth': 6, 'min_samples_leaf': 40, 'max_features': 0.42}
2026-07-08T09:26:30 | TRAIN min_samples_leaf-second f1=0.540343799 params={'n_estimators': 80, 'max_depth': 6, 'min_samples_leaf': 35, 'max_features': 0.3}
2026-07-08T09:27:24 | TRAIN min_samples_leaf-second f1=0.541954039 params={'n_estimators': 80, 'max_depth': 6, 'min_samples_leaf': 45, 'max_features': 0.3}
2026-07-08T09:28:19 | TRAIN min_samples_leaf-second f1=0.541496118 params={'n_estimators': 80, 'max_depth': 6, 'min_samples_leaf': 55, 'max_features': 0.3}
2026-07-08T09:28:19 | DONE status=completed completed_new_runs=23 reused=4 elapsed=1371.4s best={'params': {'n_estimators': 80, 'max_depth': 6, 'min_samples_leaf': 40, 'max_features': 0.3}, 'run_id': 'RF_20260708_090616', 'f1_up_mean': 0.5421207797383871, 'f1_up_std': 0.016708078105593323, 'source': 'new'}
