2026-07-10T08:26:41 | START RF_2H_20260710_082641 fingerprint=74ab309fcc94 pending=127
2026-07-10T08:28:02 | BEST f1=0.544918335 params={'n_estimators': 130, 'max_depth': 6, 'min_samples_leaf': 25, 'max_features': 0.3}
2026-07-10T08:28:02 | TRAIN f1=0.544918335 run_id=RF_20260710_082644 params={'n_estimators': 130, 'max_depth': 6, 'min_samples_leaf': 25, 'max_features': 0.3}
2026-07-10T08:29:25 | TRAIN f1=0.526504374 run_id=RF_20260710_082804 params={'n_estimators': 120, 'max_depth': 10, 'min_samples_leaf': 20, 'max_features': 'sqrt'}
2026-07-10T08:30:19 | BEST f1=0.548804065 params={'n_estimators': 130, 'max_depth': 3, 'min_samples_leaf': 25, 'max_features': 0.3}
2026-07-10T08:30:19 | TRAIN f1=0.548804065 run_id=RF_20260710_082927 params={'n_estimators': 130, 'max_depth': 3, 'min_samples_leaf': 25, 'max_features': 0.3}
2026-07-10T08:31:23 | TRAIN f1=0.548039548 run_id=RF_20260710_083020 params={'n_estimators': 130, 'max_depth': 4, 'min_samples_leaf': 25, 'max_features': 0.3}
2026-07-10T08:32:37 | TRAIN f1=0.548020821 run_id=RF_20260710_083124 params={'n_estimators': 130, 'max_depth': 5, 'min_samples_leaf': 25, 'max_features': 0.3}
2026-07-10T08:34:15 | TRAIN f1=0.543931162 run_id=RF_20260710_083239 params={'n_estimators': 130, 'max_depth': 7, 'min_samples_leaf': 25, 'max_features': 0.3}
2026-07-10T08:36:03 | TRAIN f1=0.541234634 run_id=RF_20260710_083417 params={'n_estimators': 130, 'max_depth': 8, 'min_samples_leaf': 25, 'max_features': 0.3}
2026-07-10T08:37:56 | TRAIN f1=0.529178956 run_id=RF_20260710_083604 params={'n_estimators': 130, 'max_depth': 9, 'min_samples_leaf': 25, 'max_features': 0.3}
2026-07-10T08:39:50 | TRAIN f1=0.522648291 run_id=RF_20260710_083757 params={'n_estimators': 130, 'max_depth': 10, 'min_samples_leaf': 25, 'max_features': 0.3}
2026-07-10T08:41:44 | TRAIN f1=0.516113941 run_id=RF_20260710_083951 params={'n_estimators': 130, 'max_depth': 11, 'min_samples_leaf': 25, 'max_features': 0.3}
2026-07-10T08:43:42 | TRAIN f1=0.508891611 run_id=RF_20260710_084146 params={'n_estimators': 130, 'max_depth': 12, 'min_samples_leaf': 25, 'max_features': 0.3}
2026-07-10T08:44:57 | TRAIN f1=0.546622113 run_id=RF_20260710_084343 params={'n_estimators': 130, 'max_depth': 6, 'min_samples_leaf': 5, 'max_features': 0.3}
2026-07-10T08:46:14 | TRAIN f1=0.545092969 run_id=RF_20260710_084458 params={'n_estimators': 130, 'max_depth': 6, 'min_samples_leaf': 10, 'max_features': 0.3}
2026-07-10T08:47:30 | TRAIN f1=0.545539074 run_id=RF_20260710_084615 params={'n_estimators': 130, 'max_depth': 6, 'min_samples_leaf': 15, 'max_features': 0.3}
2026-07-10T08:48:44 | TRAIN f1=0.543942492 run_id=RF_20260710_084731 params={'n_estimators': 130, 'max_depth': 6, 'min_samples_leaf': 20, 'max_features': 0.3}
2026-07-10T08:49:55 | TRAIN f1=0.546241836 run_id=RF_20260710_084845 params={'n_estimators': 130, 'max_depth': 6, 'min_samples_leaf': 30, 'max_features': 0.3}
2026-07-10T08:51:09 | TRAIN f1=0.546169306 run_id=RF_20260710_084956 params={'n_estimators': 130, 'max_depth': 6, 'min_samples_leaf': 35, 'max_features': 0.3}
2026-07-10T08:52:22 | TRAIN f1=0.545672487 run_id=RF_20260710_085110 params={'n_estimators': 130, 'max_depth': 6, 'min_samples_leaf': 40, 'max_features': 0.3}
2026-07-10T08:53:33 | TRAIN f1=0.545362749 run_id=RF_20260710_085223 params={'n_estimators': 130, 'max_depth': 6, 'min_samples_leaf': 50, 'max_features': 0.3}
2026-07-10T08:54:46 | TRAIN f1=0.546064127 run_id=RF_20260710_085334 params={'n_estimators': 130, 'max_depth': 6, 'min_samples_leaf': 60, 'max_features': 0.3}
2026-07-10T08:56:06 | TRAIN f1=0.546040450 run_id=RF_20260710_085448 params={'n_estimators': 130, 'max_depth': 6, 'min_samples_leaf': 80, 'max_features': 0.3}
2026-07-10T08:57:03 | TRAIN f1=0.546568152 run_id=RF_20260710_085607 params={'n_estimators': 130, 'max_depth': 6, 'min_samples_leaf': 25, 'max_features': 0.2}
2026-07-10T08:58:06 | TRAIN f1=0.546568152 run_id=RF_20260710_085704 params={'n_estimators': 130, 'max_depth': 6, 'min_samples_leaf': 25, 'max_features': 0.24}
2026-07-10T08:59:17 | TRAIN f1=0.544920083 run_id=RF_20260710_085808 params={'n_estimators': 130, 'max_depth': 6, 'min_samples_leaf': 25, 'max_features': 0.25}
2026-07-10T09:00:30 | TRAIN f1=0.544920083 run_id=RF_20260710_085918 params={'n_estimators': 130, 'max_depth': 6, 'min_samples_leaf': 25, 'max_features': 0.28}
2026-07-10T09:01:54 | TRAIN f1=0.544918335 run_id=RF_20260710_090031 params={'n_estimators': 130, 'max_depth': 6, 'min_samples_leaf': 25, 'max_features': 0.32}
2026-07-10T09:03:27 | TRAIN f1=0.546385205 run_id=RF_20260710_090155 params={'n_estimators': 130, 'max_depth': 6, 'min_samples_leaf': 25, 'max_features': 0.35}
2026-07-10T09:05:00 | TRAIN f1=0.547795487 run_id=RF_20260710_090328 params={'n_estimators': 130, 'max_depth': 6, 'min_samples_leaf': 25, 'max_features': 0.4}
2026-07-10T09:07:04 | TRAIN f1=0.544841083 run_id=RF_20260710_090501 params={'n_estimators': 130, 'max_depth': 6, 'min_samples_leaf': 25, 'max_features': 0.5}
2026-07-10T09:08:12 | TRAIN f1=0.546568152 run_id=RF_20260710_090706 params={'n_estimators': 130, 'max_depth': 6, 'min_samples_leaf': 25, 'max_features': 'sqrt'}
2026-07-10T09:09:17 | TRAIN f1=0.546568152 run_id=RF_20260710_090813 params={'n_estimators': 130, 'max_depth': 6, 'min_samples_leaf': 25, 'max_features': 'log2'}
2026-07-10T09:09:52 | TRAIN f1=0.544653422 run_id=RF_20260710_090918 params={'n_estimators': 50, 'max_depth': 6, 'min_samples_leaf': 25, 'max_features': 0.3}
2026-07-10T09:10:39 | TRAIN f1=0.545815567 run_id=RF_20260710_090953 params={'n_estimators': 70, 'max_depth': 6, 'min_samples_leaf': 25, 'max_features': 0.3}
2026-07-10T09:11:34 | TRAIN f1=0.544270640 run_id=RF_20260710_091040 params={'n_estimators': 90, 'max_depth': 6, 'min_samples_leaf': 25, 'max_features': 0.3}
2026-07-10T09:12:45 | TRAIN f1=0.544733976 run_id=RF_20260710_091135 params={'n_estimators': 110, 'max_depth': 6, 'min_samples_leaf': 25, 'max_features': 0.3}
2026-07-10T09:14:15 | TRAIN f1=0.544652878 run_id=RF_20260710_091246 params={'n_estimators': 150, 'max_depth': 6, 'min_samples_leaf': 25, 'max_features': 0.3}
2026-07-10T09:16:00 | TRAIN f1=0.544871029 run_id=RF_20260710_091416 params={'n_estimators': 180, 'max_depth': 6, 'min_samples_leaf': 25, 'max_features': 0.3}
2026-07-10T09:18:10 | TRAIN f1=0.545907304 run_id=RF_20260710_091601 params={'n_estimators': 220, 'max_depth': 6, 'min_samples_leaf': 25, 'max_features': 0.3}
2026-07-10T09:20:42 | TRAIN f1=0.544798073 run_id=RF_20260710_091811 params={'n_estimators': 260, 'max_depth': 6, 'min_samples_leaf': 25, 'max_features': 0.3}
2026-07-10T09:21:35 | TRAIN f1=0.548635775 run_id=RF_20260710_092043 params={'n_estimators': 130, 'max_depth': 4, 'min_samples_leaf': 15, 'max_features': 0.25}
2026-07-10T09:22:33 | TRAIN f1=0.548170290 run_id=RF_20260710_092137 params={'n_estimators': 130, 'max_depth': 4, 'min_samples_leaf': 15, 'max_features': 0.3}
2026-07-10T09:23:38 | BEST f1=0.548831716 params={'n_estimators': 130, 'max_depth': 4, 'min_samples_leaf': 15, 'max_features': 0.35}
2026-07-10T09:23:38 | TRAIN f1=0.548831716 run_id=RF_20260710_092235 params={'n_estimators': 130, 'max_depth': 4, 'min_samples_leaf': 15, 'max_features': 0.35}
2026-07-10T09:24:26 | TRAIN f1=0.548812859 run_id=RF_20260710_092339 params={'n_estimators': 130, 'max_depth': 4, 'min_samples_leaf': 15, 'max_features': 'sqrt'}
2026-07-10T09:25:20 | TRAIN f1=0.548646100 run_id=RF_20260710_092428 params={'n_estimators': 130, 'max_depth': 4, 'min_samples_leaf': 20, 'max_features': 0.25}
2026-07-10T09:26:21 | TRAIN f1=0.548094168 run_id=RF_20260710_092522 params={'n_estimators': 130, 'max_depth': 4, 'min_samples_leaf': 20, 'max_features': 0.3}
2026-07-10T09:27:25 | BEST f1=0.549079970 params={'n_estimators': 130, 'max_depth': 4, 'min_samples_leaf': 20, 'max_features': 0.35}
2026-07-10T09:27:25 | TRAIN f1=0.549079970 run_id=RF_20260710_092622 params={'n_estimators': 130, 'max_depth': 4, 'min_samples_leaf': 20, 'max_features': 0.35}
2026-07-10T09:28:10 | TRAIN f1=0.548785188 run_id=RF_20260710_092726 params={'n_estimators': 130, 'max_depth': 4, 'min_samples_leaf': 20, 'max_features': 'sqrt'}
2026-07-10T09:29:02 | TRAIN f1=0.548598700 run_id=RF_20260710_092812 params={'n_estimators': 130, 'max_depth': 4, 'min_samples_leaf': 25, 'max_features': 0.25}
2026-07-10T09:30:05 | BEST f1=0.549131745 params={'n_estimators': 130, 'max_depth': 4, 'min_samples_leaf': 25, 'max_features': 0.35}
2026-07-10T09:30:05 | TRAIN f1=0.549131745 run_id=RF_20260710_092904 params={'n_estimators': 130, 'max_depth': 4, 'min_samples_leaf': 25, 'max_features': 0.35}
2026-07-10T09:30:50 | TRAIN f1=0.548993503 run_id=RF_20260710_093006 params={'n_estimators': 130, 'max_depth': 4, 'min_samples_leaf': 25, 'max_features': 'sqrt'}
2026-07-10T09:31:42 | TRAIN f1=0.548522699 run_id=RF_20260710_093051 params={'n_estimators': 130, 'max_depth': 4, 'min_samples_leaf': 30, 'max_features': 0.25}
2026-07-10T09:32:42 | TRAIN f1=0.548032998 run_id=RF_20260710_093143 params={'n_estimators': 130, 'max_depth': 4, 'min_samples_leaf': 30, 'max_features': 0.3}
2026-07-10T09:33:47 | TRAIN f1=0.549070423 run_id=RF_20260710_093244 params={'n_estimators': 130, 'max_depth': 4, 'min_samples_leaf': 30, 'max_features': 0.35}
2026-07-10T09:34:33 | TRAIN f1=0.548879947 run_id=RF_20260710_093348 params={'n_estimators': 130, 'max_depth': 4, 'min_samples_leaf': 30, 'max_features': 'sqrt'}
2026-07-10T09:35:25 | TRAIN f1=0.548462251 run_id=RF_20260710_093434 params={'n_estimators': 130, 'max_depth': 4, 'min_samples_leaf': 40, 'max_features': 0.25}
2026-07-10T09:36:23 | TRAIN f1=0.548137488 run_id=RF_20260710_093526 params={'n_estimators': 130, 'max_depth': 4, 'min_samples_leaf': 40, 'max_features': 0.3}
2026-07-10T09:37:27 | TRAIN f1=0.548998079 run_id=RF_20260710_093624 params={'n_estimators': 130, 'max_depth': 4, 'min_samples_leaf': 40, 'max_features': 0.35}
2026-07-10T09:38:14 | TRAIN f1=0.548772970 run_id=RF_20260710_093728 params={'n_estimators': 130, 'max_depth': 4, 'min_samples_leaf': 40, 'max_features': 'sqrt'}
2026-07-10T09:39:15 | TRAIN f1=0.547506987 run_id=RF_20260710_093816 params={'n_estimators': 130, 'max_depth': 5, 'min_samples_leaf': 15, 'max_features': 0.25}
2026-07-10T09:40:23 | TRAIN f1=0.547424804 run_id=RF_20260710_093917 params={'n_estimators': 130, 'max_depth': 5, 'min_samples_leaf': 15, 'max_features': 0.3}
2026-07-10T09:41:37 | TRAIN f1=0.545625614 run_id=RF_20260710_094024 params={'n_estimators': 130, 'max_depth': 5, 'min_samples_leaf': 15, 'max_features': 0.35}
2026-07-10T09:42:28 | TRAIN f1=0.547623316 run_id=RF_20260710_094138 params={'n_estimators': 130, 'max_depth': 5, 'min_samples_leaf': 15, 'max_features': 'sqrt'}
2026-07-10T09:43:25 | TRAIN f1=0.547323561 run_id=RF_20260710_094229 params={'n_estimators': 130, 'max_depth': 5, 'min_samples_leaf': 20, 'max_features': 0.25}
2026-07-10T09:44:33 | TRAIN f1=0.547967984 run_id=RF_20260710_094326 params={'n_estimators': 130, 'max_depth': 5, 'min_samples_leaf': 20, 'max_features': 0.3}
2026-07-10T09:45:47 | TRAIN f1=0.546119414 run_id=RF_20260710_094434 params={'n_estimators': 130, 'max_depth': 5, 'min_samples_leaf': 20, 'max_features': 0.35}
2026-07-10T09:46:38 | TRAIN f1=0.547667956 run_id=RF_20260710_094548 params={'n_estimators': 130, 'max_depth': 5, 'min_samples_leaf': 20, 'max_features': 'sqrt'}
2026-07-10T09:47:37 | TRAIN f1=0.547363691 run_id=RF_20260710_094640 params={'n_estimators': 130, 'max_depth': 5, 'min_samples_leaf': 25, 'max_features': 0.25}
2026-07-10T09:48:51 | TRAIN f1=0.546901125 run_id=RF_20260710_094738 params={'n_estimators': 130, 'max_depth': 5, 'min_samples_leaf': 25, 'max_features': 0.35}
2026-07-10T09:49:44 | TRAIN f1=0.547577148 run_id=RF_20260710_094853 params={'n_estimators': 130, 'max_depth': 5, 'min_samples_leaf': 25, 'max_features': 'sqrt'}
2026-07-10T09:50:44 | TRAIN f1=0.547887439 run_id=RF_20260710_094946 params={'n_estimators': 130, 'max_depth': 5, 'min_samples_leaf': 30, 'max_features': 0.25}
2026-07-10T09:51:51 | TRAIN f1=0.547890028 run_id=RF_20260710_095045 params={'n_estimators': 130, 'max_depth': 5, 'min_samples_leaf': 30, 'max_features': 0.3}
2026-07-10T09:53:06 | TRAIN f1=0.547129365 run_id=RF_20260710_095152 params={'n_estimators': 130, 'max_depth': 5, 'min_samples_leaf': 30, 'max_features': 0.35}
2026-07-10T09:53:58 | TRAIN f1=0.547718468 run_id=RF_20260710_095307 params={'n_estimators': 130, 'max_depth': 5, 'min_samples_leaf': 30, 'max_features': 'sqrt'}
2026-07-10T09:55:01 | TRAIN f1=0.547073700 run_id=RF_20260710_095359 params={'n_estimators': 130, 'max_depth': 5, 'min_samples_leaf': 40, 'max_features': 0.25}
2026-07-10T09:56:07 | TRAIN f1=0.546779852 run_id=RF_20260710_095502 params={'n_estimators': 130, 'max_depth': 5, 'min_samples_leaf': 40, 'max_features': 0.3}
2026-07-10T09:57:34 | TRAIN f1=0.546721019 run_id=RF_20260710_095609 params={'n_estimators': 130, 'max_depth': 5, 'min_samples_leaf': 40, 'max_features': 0.35}
2026-07-10T09:58:32 | TRAIN f1=0.547975203 run_id=RF_20260710_095736 params={'n_estimators': 130, 'max_depth': 5, 'min_samples_leaf': 40, 'max_features': 'sqrt'}
2026-07-10T09:59:42 | TRAIN f1=0.544743591 run_id=RF_20260710_095834 params={'n_estimators': 130, 'max_depth': 6, 'min_samples_leaf': 15, 'max_features': 0.25}
2026-07-10T10:01:07 | TRAIN f1=0.547089071 run_id=RF_20260710_095944 params={'n_estimators': 130, 'max_depth': 6, 'min_samples_leaf': 15, 'max_features': 0.35}
2026-07-10T10:02:06 | TRAIN f1=0.547285075 run_id=RF_20260710_100108 params={'n_estimators': 130, 'max_depth': 6, 'min_samples_leaf': 15, 'max_features': 'sqrt'}
2026-07-10T10:03:11 | TRAIN f1=0.545059736 run_id=RF_20260710_100207 params={'n_estimators': 130, 'max_depth': 6, 'min_samples_leaf': 20, 'max_features': 0.25}
2026-07-10T10:04:34 | TRAIN f1=0.546315017 run_id=RF_20260710_100313 params={'n_estimators': 130, 'max_depth': 6, 'min_samples_leaf': 20, 'max_features': 0.35}
2026-07-10T10:05:40 | TRAIN f1=0.545684482 run_id=RF_20260710_100436 params={'n_estimators': 130, 'max_depth': 6, 'min_samples_leaf': 20, 'max_features': 'sqrt'}
2026-07-10T10:06:49 | TRAIN f1=0.546129345 run_id=RF_20260710_100542 params={'n_estimators': 130, 'max_depth': 6, 'min_samples_leaf': 30, 'max_features': 0.25}
2026-07-10T10:08:38 | TRAIN f1=0.546869231 run_id=RF_20260710_100650 params={'n_estimators': 130, 'max_depth': 6, 'min_samples_leaf': 30, 'max_features': 0.35}
2026-07-10T10:09:37 | TRAIN f1=0.546865578 run_id=RF_20260710_100840 params={'n_estimators': 130, 'max_depth': 6, 'min_samples_leaf': 30, 'max_features': 'sqrt'}
2026-07-10T10:10:41 | TRAIN f1=0.545104214 run_id=RF_20260710_100938 params={'n_estimators': 130, 'max_depth': 6, 'min_samples_leaf': 40, 'max_features': 0.25}
2026-07-10T10:12:02 | TRAIN f1=0.546561764 run_id=RF_20260710_101042 params={'n_estimators': 130, 'max_depth': 6, 'min_samples_leaf': 40, 'max_features': 0.35}
2026-07-10T10:12:57 | TRAIN f1=0.545179379 run_id=RF_20260710_101203 params={'n_estimators': 130, 'max_depth': 6, 'min_samples_leaf': 40, 'max_features': 'sqrt'}
2026-07-10T10:14:06 | TRAIN f1=0.545068063 run_id=RF_20260710_101258 params={'n_estimators': 130, 'max_depth': 7, 'min_samples_leaf': 15, 'max_features': 0.25}
2026-07-10T10:15:27 | TRAIN f1=0.543417900 run_id=RF_20260710_101407 params={'n_estimators': 130, 'max_depth': 7, 'min_samples_leaf': 15, 'max_features': 0.3}
2026-07-10T10:16:56 | TRAIN f1=0.542046540 run_id=RF_20260710_101528 params={'n_estimators': 130, 'max_depth': 7, 'min_samples_leaf': 15, 'max_features': 0.35}
2026-07-10T10:17:58 | TRAIN f1=0.545145184 run_id=RF_20260710_101658 params={'n_estimators': 130, 'max_depth': 7, 'min_samples_leaf': 15, 'max_features': 'sqrt'}
2026-07-10T10:19:13 | TRAIN f1=0.545486150 run_id=RF_20260710_101759 params={'n_estimators': 130, 'max_depth': 7, 'min_samples_leaf': 20, 'max_features': 0.25}
2026-07-10T10:20:37 | TRAIN f1=0.544214401 run_id=RF_20260710_101915 params={'n_estimators': 130, 'max_depth': 7, 'min_samples_leaf': 20, 'max_features': 0.3}
2026-07-10T10:22:18 | TRAIN f1=0.544328776 run_id=RF_20260710_102037 params={'n_estimators': 130, 'max_depth': 7, 'min_samples_leaf': 20, 'max_features': 0.35}
2026-07-10T10:23:25 | TRAIN f1=0.545497081 run_id=RF_20260710_102219 params={'n_estimators': 130, 'max_depth': 7, 'min_samples_leaf': 20, 'max_features': 'sqrt'}
2026-07-10T10:24:43 | TRAIN f1=0.543759208 run_id=RF_20260710_102327 params={'n_estimators': 130, 'max_depth': 7, 'min_samples_leaf': 25, 'max_features': 0.25}
2026-07-10T10:26:19 | TRAIN f1=0.543056275 run_id=RF_20260710_102444 params={'n_estimators': 130, 'max_depth': 7, 'min_samples_leaf': 25, 'max_features': 0.35}
2026-07-10T10:27:26 | TRAIN f1=0.544790158 run_id=RF_20260710_102620 params={'n_estimators': 130, 'max_depth': 7, 'min_samples_leaf': 25, 'max_features': 'sqrt'}
2026-07-10T10:27:26 | DONE {"status": "budget_reached", "run_id": "RF_2H_20260710_082641", "started_at": "2026-07-10T08:26:41", "updated_at": "2026-07-10T10:27:26", "budget_seconds": 7200, "elapsed_seconds": 7244.9, "dataset_fingerprint": "74ab309fcc94", "candidate_count": 127, "completed_new_runs": 100, "reused_history_runs": 0, "pending_runs": 27, "errors": 0, "best": {"run_id": "RF_20260710_092904", "params": {"n_estimators": 130, "max_depth": 4, "min_samples_leaf": 25, "max_features": 0.35}, "cv_f1_up_mean": 0.5491317453101531, "cv_f1_up_std": 0.020496171216434697, "source": "new"}, "log_path": "experiments\\random_forest_2h_auto_RF_2H_20260710_082641.log"}
